2026-07-02T10:17:46 | INFO | app_daily.interface.dash_main | dash_main | __init__:39 | Inicializando DashMain para TIAlvorada (admin)
2026-07-02T10:17:49 | ERROR | app_daily.interface.dash_main | dash_main | load_tabs:288 | Erro nas abas de admin
Traceback (most recent call last):
  File "C:\Controle_Chaves\interface\dash_main.py", line 277, in load_tabs
    self.admin_tab = AdminTab({
                     ~~~~~~~~^^
        "login": self.user_login,
        ^^^^^^^^^^^^^^^^^^^^^^^^^
        "nome": self.user_nome,
        ^^^^^^^^^^^^^^^^^^^^^^^
        "is_admin": True
        ^^^^^^^^^^^^^^^^
    })
    ^^
  File "C:\Controle_Chaves\admin\admin.py", line 22, in __init__
    self.salas_tab = SalasTab(current_user=self.current_user)
                     ~~~~~~~~^^^^^^^^^^^^^^^^^^^^^^^^^^^^^^^^
TypeError: SalasTab.__init__() got an unexpected keyword argument 'current_user'
2026-07-02T10:18:03 | INFO | app_daily.interface.dash_main | dash_main | _executar_logout:302 | Logout realizado para TIAlvorada (admin)
2026-07-02T10:25:18 | INFO | app_daily.interface.dash_main | dash_main | __init__:39 | Inicializando DashMain para TIAlvorada (admin)
2026-07-02T10:25:19 | INFO | app_daily.admin.log_viewer_tab | log_viewer_tab | __init__:24 | Inicializando aba de visualização de logs
2026-07-02T10:25:19 | INFO | app_daily.admin.log_viewer_tab | log_viewer_tab | carregar_logs:99 | Carregando log na interface: tipo=Auditoria arquivo=C:\Controle_Chaves\logs\app_audit_02072026.log
2026-07-02T10:25:19 | INFO | app_daily.admin.log_viewer_tab | log_viewer_tab | carregar_logs:121 | Log carregado com sucesso: tipo=Auditoria
2026-07-02T10:26:32 | INFO | app_daily.interface.dash_main | dash_main | _executar_logout:302 | Logout realizado para TIAlvorada (admin)
2026-07-02T11:26:46 | INFO | app_daily.interface.dash_main | dash_main | __init__:39 | Inicializando DashMain para TIAlvorada (admin)
2026-07-02T11:26:47 | INFO | app_daily.admin.log_viewer_tab | log_viewer_tab | __init__:24 | Inicializando aba de visualização de logs
2026-07-02T11:26:47 | INFO | app_daily.admin.log_viewer_tab | log_viewer_tab | carregar_logs:99 | Carregando log na interface: tipo=Auditoria arquivo=C:\Controle_Chaves\logs\app_audit_02072026.log
2026-07-02T11:26:47 | INFO | app_daily.admin.log_viewer_tab | log_viewer_tab | carregar_logs:121 | Log carregado com sucesso: tipo=Auditoria
2026-07-02T11:34:33 | INFO | app_daily.interface.dash_main | dash_main | _executar_logout:302 | Logout realizado para TIAlvorada (admin)
