2026-06-19T12:47:31 | INFO | app_daily.interface.dash_main | dash_main | __init__:48 | Inicializando DashMain para utilizador=TIAlvorada login=admin admin=True
2026-06-19T12:47:31 | INFO | app_daily.interface.dash_main | dash_main | __init__:102 | Logo da aplicação carregado com sucesso
2026-06-19T12:47:31 | INFO | app_daily.interface.dash_main | dash_main | load_tabs:243 | Iniciando carregamento das abas principais
2026-06-19T12:47:32 | INFO | app_daily.interface.dash_main | dash_main | load_tabs:248 | Aba 'Movimentações' carregada com sucesso
2026-06-19T12:47:32 | INFO | app_daily.interface.dash_main | dash_main | load_tabs:256 | Aba 'Relatórios' carregada com sucesso
2026-06-19T12:47:32 | INFO | app_daily.interface.dash_main | dash_main | load_tabs:264 | Aba 'Utilizadores' carregada com sucesso
2026-06-19T12:47:32 | INFO | app_daily.admin.predios | predios | __init__:40 | Inicializando aba de gestão de prédios
2026-06-19T12:47:32 | INFO | app_daily.admin.predios | predios | load_predios:113 | Carregando lista de prédios
2026-06-19T12:47:32 | INFO | app_daily.admin.predios | predios | load_predios:123 | Consulta de prédios executada com sucesso: 2 registro(s)
2026-06-19T12:47:32 | INFO | app_daily.admin.anexos | anexos | __init__:65 | Inicializando aba de gestão de anexos
2026-06-19T12:47:32 | INFO | app_daily.admin.anexos | anexos | load_anexos:130 | Carregando lista de anexos
2026-06-19T12:47:32 | INFO | app_daily.admin.anexos | anexos | load_anexos:149 | Consulta de anexos executada com sucesso: 3 registro(s)
2026-06-19T12:47:32 | INFO | app_daily.interface.dash_main | dash_main | load_tabs:273 | Aba 'Administração' carregada com sucesso
2026-06-19T12:47:32 | INFO | app_daily.admin.log_viewer_tab | log_viewer_tab | __init__:24 | Inicializando aba de visualização de logs
2026-06-19T12:47:32 | INFO | app_daily.admin.log_viewer_tab | log_viewer_tab | carregar_logs:99 | Carregando log na interface: tipo=Auditoria arquivo=C:\Controle_Chaves\logs\app_audit_19062026.log
2026-06-19T12:47:32 | INFO | app_daily.admin.log_viewer_tab | log_viewer_tab | carregar_logs:121 | Log carregado com sucesso: tipo=Auditoria
2026-06-19T12:47:32 | INFO | app_daily.interface.dash_main | dash_main | load_tabs:277 | Aba 'Logs' carregada com sucesso
2026-06-19T12:48:44 | INFO | app_daily.interface.dash_main | dash_main | sair:318 | Encerrando aplicação via botão Sair
2026-06-19T12:51:15 | INFO | app_daily.interface.dash_main | dash_main | __init__:48 | Inicializando DashMain para utilizador=TIAlvorada login=admin admin=True
2026-06-19T12:51:15 | INFO | app_daily.interface.dash_main | dash_main | __init__:102 | Logo da aplicação carregado com sucesso
2026-06-19T12:51:15 | INFO | app_daily.interface.dash_main | dash_main | load_tabs:243 | Iniciando carregamento das abas principais
2026-06-19T12:51:15 | INFO | app_daily.interface.dash_main | dash_main | load_tabs:248 | Aba 'Movimentações' carregada com sucesso
2026-06-19T12:51:15 | INFO | app_daily.interface.dash_main | dash_main | load_tabs:256 | Aba 'Relatórios' carregada com sucesso
2026-06-19T12:51:15 | INFO | app_daily.interface.dash_main | dash_main | load_tabs:264 | Aba 'Utilizadores' carregada com sucesso
2026-06-19T12:51:15 | INFO | app_daily.admin.predios | predios | __init__:40 | Inicializando aba de gestão de prédios
2026-06-19T12:51:15 | INFO | app_daily.admin.predios | predios | load_predios:113 | Carregando lista de prédios
2026-06-19T12:51:16 | INFO | app_daily.admin.predios | predios | load_predios:123 | Consulta de prédios executada com sucesso: 2 registro(s)
2026-06-19T12:51:16 | INFO | app_daily.admin.anexos | anexos | __init__:65 | Inicializando aba de gestão de anexos
2026-06-19T12:51:16 | INFO | app_daily.admin.anexos | anexos | load_anexos:130 | Carregando lista de anexos
2026-06-19T12:51:16 | INFO | app_daily.admin.anexos | anexos | load_anexos:149 | Consulta de anexos executada com sucesso: 3 registro(s)
2026-06-19T12:51:16 | INFO | app_daily.interface.dash_main | dash_main | load_tabs:273 | Aba 'Administração' carregada com sucesso
2026-06-19T12:51:16 | INFO | app_daily.admin.log_viewer_tab | log_viewer_tab | __init__:24 | Inicializando aba de visualização de logs
2026-06-19T12:51:16 | INFO | app_daily.admin.log_viewer_tab | log_viewer_tab | carregar_logs:99 | Carregando log na interface: tipo=Auditoria arquivo=C:\Controle_Chaves\logs\app_audit_19062026.log
2026-06-19T12:51:16 | INFO | app_daily.admin.log_viewer_tab | log_viewer_tab | carregar_logs:121 | Log carregado com sucesso: tipo=Auditoria
2026-06-19T12:51:16 | INFO | app_daily.interface.dash_main | dash_main | load_tabs:277 | Aba 'Logs' carregada com sucesso
2026-06-19T12:52:23 | INFO | app_daily.interface.dash_main | dash_main | sair:318 | Encerrando aplicação via botão Sair
2026-06-19T12:54:33 | INFO | app_daily.interface.dash_main | dash_main | __init__:48 | Inicializando DashMain para utilizador=TIAlvorada login=admin admin=True
2026-06-19T12:54:33 | INFO | app_daily.interface.dash_main | dash_main | __init__:102 | Logo da aplicação carregado com sucesso
2026-06-19T12:54:33 | INFO | app_daily.interface.dash_main | dash_main | load_tabs:243 | Iniciando carregamento das abas principais
2026-06-19T12:54:33 | INFO | app_daily.interface.dash_main | dash_main | load_tabs:248 | Aba 'Movimentações' carregada com sucesso
2026-06-19T12:54:34 | INFO | app_daily.interface.dash_main | dash_main | load_tabs:256 | Aba 'Relatórios' carregada com sucesso
2026-06-19T12:54:34 | INFO | app_daily.interface.dash_main | dash_main | load_tabs:264 | Aba 'Utilizadores' carregada com sucesso
2026-06-19T12:54:34 | INFO | app_daily.admin.predios | predios | __init__:40 | Inicializando aba de gestão de prédios
2026-06-19T12:54:34 | INFO | app_daily.admin.predios | predios | load_predios:113 | Carregando lista de prédios
2026-06-19T12:54:34 | INFO | app_daily.admin.predios | predios | load_predios:123 | Consulta de prédios executada com sucesso: 2 registro(s)
2026-06-19T12:54:34 | INFO | app_daily.admin.anexos | anexos | __init__:65 | Inicializando aba de gestão de anexos
2026-06-19T12:54:34 | INFO | app_daily.admin.anexos | anexos | load_anexos:130 | Carregando lista de anexos
2026-06-19T12:54:34 | INFO | app_daily.admin.anexos | anexos | load_anexos:149 | Consulta de anexos executada com sucesso: 3 registro(s)
2026-06-19T12:54:34 | INFO | app_daily.interface.dash_main | dash_main | load_tabs:273 | Aba 'Administração' carregada com sucesso
2026-06-19T12:54:34 | INFO | app_daily.admin.log_viewer_tab | log_viewer_tab | __init__:24 | Inicializando aba de visualização de logs
2026-06-19T12:54:34 | INFO | app_daily.admin.log_viewer_tab | log_viewer_tab | carregar_logs:99 | Carregando log na interface: tipo=Auditoria arquivo=C:\Controle_Chaves\logs\app_audit_19062026.log
2026-06-19T12:54:34 | INFO | app_daily.admin.log_viewer_tab | log_viewer_tab | carregar_logs:121 | Log carregado com sucesso: tipo=Auditoria
2026-06-19T12:54:34 | INFO | app_daily.interface.dash_main | dash_main | load_tabs:277 | Aba 'Logs' carregada com sucesso
2026-06-19T12:56:13 | INFO | app_daily.interface.dash_main | dash_main | confirmar_logout:293 | Logout confirmado pelo utilizador admin
2026-06-19T12:56:13 | INFO | app_daily.interface.dash_main | dash_main | closeEvent:310 | Fechando DashMain
2026-06-19T12:56:23 | INFO | app_daily.interface.dash_main | dash_main | __init__:48 | Inicializando DashMain para utilizador=jo login=jo admin=False
2026-06-19T12:56:23 | INFO | app_daily.interface.dash_main | dash_main | __init__:102 | Logo da aplicação carregado com sucesso
2026-06-19T12:56:23 | INFO | app_daily.interface.dash_main | dash_main | load_tabs:243 | Iniciando carregamento das abas principais
2026-06-19T12:56:23 | INFO | app_daily.interface.dash_main | dash_main | load_tabs:248 | Aba 'Movimentações' carregada com sucesso
2026-06-19T12:56:24 | INFO | app_daily.interface.dash_main | dash_main | load_tabs:256 | Aba 'Relatórios' carregada com sucesso
2026-06-19T12:56:24 | INFO | app_daily.interface.dash_main | dash_main | load_tabs:264 | Aba 'Utilizadores' carregada com sucesso
2026-06-19T12:56:24 | INFO | app_daily.interface.dash_main | dash_main | load_tabs:279 | Utilizador sem permissão de administrador; abas administrativas ocultadas
2026-06-19T12:57:07 | INFO | app_daily.interface.dash_main | dash_main | sair:318 | Encerrando aplicação via botão Sair
2026-06-19T13:03:22 | INFO | app_daily.interface.dash_main | dash_main | __init__:48 | Inicializando DashMain para utilizador=TIAlvorada login=admin admin=True
2026-06-19T13:03:22 | INFO | app_daily.interface.dash_main | dash_main | __init__:102 | Logo da aplicação carregado com sucesso
2026-06-19T13:03:22 | INFO | app_daily.interface.dash_main | dash_main | load_tabs:243 | Iniciando carregamento das abas principais
2026-06-19T13:03:22 | INFO | app_daily.interface.dash_main | dash_main | load_tabs:248 | Aba 'Movimentações' carregada com sucesso
2026-06-19T13:03:22 | INFO | app_daily.interface.dash_main | dash_main | load_tabs:256 | Aba 'Relatórios' carregada com sucesso
2026-06-19T13:03:22 | INFO | app_daily.interface.dash_main | dash_main | load_tabs:264 | Aba 'Utilizadores' carregada com sucesso
2026-06-19T13:03:22 | INFO | app_daily.admin.predios | predios | __init__:40 | Inicializando aba de gestão de prédios
2026-06-19T13:03:22 | INFO | app_daily.admin.predios | predios | load_predios:113 | Carregando lista de prédios
2026-06-19T13:03:22 | INFO | app_daily.admin.predios | predios | load_predios:123 | Consulta de prédios executada com sucesso: 2 registro(s)
2026-06-19T13:03:22 | INFO | app_daily.admin.anexos | anexos | __init__:65 | Inicializando aba de gestão de anexos
2026-06-19T13:03:22 | INFO | app_daily.admin.anexos | anexos | load_anexos:130 | Carregando lista de anexos
2026-06-19T13:03:22 | INFO | app_daily.admin.anexos | anexos | load_anexos:149 | Consulta de anexos executada com sucesso: 3 registro(s)
2026-06-19T13:03:22 | INFO | app_daily.interface.dash_main | dash_main | load_tabs:273 | Aba 'Administração' carregada com sucesso
2026-06-19T13:03:22 | INFO | app_daily.admin.log_viewer_tab | log_viewer_tab | __init__:24 | Inicializando aba de visualização de logs
2026-06-19T13:03:22 | INFO | app_daily.admin.log_viewer_tab | log_viewer_tab | carregar_logs:99 | Carregando log na interface: tipo=Auditoria arquivo=C:\Controle_Chaves\logs\app_audit_19062026.log
2026-06-19T13:03:22 | INFO | app_daily.admin.log_viewer_tab | log_viewer_tab | carregar_logs:121 | Log carregado com sucesso: tipo=Auditoria
2026-06-19T13:03:22 | INFO | app_daily.interface.dash_main | dash_main | load_tabs:277 | Aba 'Logs' carregada com sucesso
2026-06-19T13:03:57 | INFO | app_daily.interface.dash_main | dash_main | sair:318 | Encerrando aplicação via botão Sair
2026-06-19T13:06:18 | INFO | app_daily.interface.dash_main | dash_main | __init__:48 | Inicializando DashMain para utilizador=TIAlvorada login=admin admin=True
2026-06-19T13:06:18 | INFO | app_daily.interface.dash_main | dash_main | __init__:102 | Logo da aplicação carregado com sucesso
2026-06-19T13:06:18 | INFO | app_daily.interface.dash_main | dash_main | load_tabs:243 | Iniciando carregamento das abas principais
2026-06-19T13:06:19 | INFO | app_daily.interface.dash_main | dash_main | load_tabs:248 | Aba 'Movimentações' carregada com sucesso
2026-06-19T13:06:19 | INFO | app_daily.interface.dash_main | dash_main | load_tabs:256 | Aba 'Relatórios' carregada com sucesso
2026-06-19T13:06:19 | INFO | app_daily.interface.dash_main | dash_main | load_tabs:264 | Aba 'Utilizadores' carregada com sucesso
2026-06-19T13:06:19 | INFO | app_daily.admin.predios | predios | __init__:40 | Inicializando aba de gestão de prédios
2026-06-19T13:06:19 | INFO | app_daily.admin.predios | predios | load_predios:113 | Carregando lista de prédios
2026-06-19T13:06:19 | INFO | app_daily.admin.predios | predios | load_predios:123 | Consulta de prédios executada com sucesso: 2 registro(s)
2026-06-19T13:06:19 | INFO | app_daily.admin.anexos | anexos | __init__:65 | Inicializando aba de gestão de anexos
2026-06-19T13:06:19 | INFO | app_daily.admin.anexos | anexos | load_anexos:130 | Carregando lista de anexos
2026-06-19T13:06:19 | INFO | app_daily.admin.anexos | anexos | load_anexos:149 | Consulta de anexos executada com sucesso: 3 registro(s)
2026-06-19T13:06:19 | INFO | app_daily.interface.dash_main | dash_main | load_tabs:273 | Aba 'Administração' carregada com sucesso
2026-06-19T13:06:19 | INFO | app_daily.admin.log_viewer_tab | log_viewer_tab | __init__:24 | Inicializando aba de visualização de logs
2026-06-19T13:06:19 | INFO | app_daily.admin.log_viewer_tab | log_viewer_tab | carregar_logs:99 | Carregando log na interface: tipo=Auditoria arquivo=C:\Controle_Chaves\logs\app_audit_19062026.log
2026-06-19T13:06:19 | INFO | app_daily.admin.log_viewer_tab | log_viewer_tab | carregar_logs:121 | Log carregado com sucesso: tipo=Auditoria
2026-06-19T13:06:19 | INFO | app_daily.interface.dash_main | dash_main | load_tabs:277 | Aba 'Logs' carregada com sucesso
2026-06-19T13:06:50 | INFO | app_daily.interface.dash_main | dash_main | sair:318 | Encerrando aplicação via botão Sair
2026-06-19T13:19:33 | INFO | app_daily.interface.dash_main | dash_main | __init__:48 | Inicializando DashMain para utilizador=TIAlvorada login=admin admin=True
2026-06-19T13:19:33 | INFO | app_daily.interface.dash_main | dash_main | __init__:102 | Logo da aplicação carregado com sucesso
2026-06-19T13:19:33 | INFO | app_daily.interface.dash_main | dash_main | load_tabs:243 | Iniciando carregamento das abas principais
2026-06-19T13:19:33 | INFO | app_daily.interface.dash_main | dash_main | load_tabs:248 | Aba 'Movimentações' carregada com sucesso
2026-06-19T13:19:34 | INFO | app_daily.interface.dash_main | dash_main | load_tabs:256 | Aba 'Relatórios' carregada com sucesso
2026-06-19T13:19:34 | INFO | app_daily.interface.dash_main | dash_main | load_tabs:264 | Aba 'Utilizadores' carregada com sucesso
2026-06-19T13:19:34 | INFO | app_daily.admin.predios | predios | __init__:40 | Inicializando aba de gestão de prédios
2026-06-19T13:19:34 | INFO | app_daily.admin.predios | predios | load_predios:113 | Carregando lista de prédios
2026-06-19T13:19:34 | INFO | app_daily.admin.predios | predios | load_predios:123 | Consulta de prédios executada com sucesso: 2 registro(s)
2026-06-19T13:19:34 | INFO | app_daily.admin.anexos | anexos | __init__:65 | Inicializando aba de gestão de anexos
2026-06-19T13:19:34 | INFO | app_daily.admin.anexos | anexos | load_anexos:130 | Carregando lista de anexos
2026-06-19T13:19:34 | INFO | app_daily.admin.anexos | anexos | load_anexos:149 | Consulta de anexos executada com sucesso: 3 registro(s)
2026-06-19T13:19:34 | INFO | app_daily.interface.dash_main | dash_main | load_tabs:273 | Aba 'Administração' carregada com sucesso
2026-06-19T13:19:34 | INFO | app_daily.admin.log_viewer_tab | log_viewer_tab | __init__:24 | Inicializando aba de visualização de logs
2026-06-19T13:19:34 | INFO | app_daily.admin.log_viewer_tab | log_viewer_tab | carregar_logs:99 | Carregando log na interface: tipo=Auditoria arquivo=C:\Controle_Chaves\logs\app_audit_19062026.log
2026-06-19T13:19:34 | INFO | app_daily.admin.log_viewer_tab | log_viewer_tab | carregar_logs:121 | Log carregado com sucesso: tipo=Auditoria
2026-06-19T13:19:34 | INFO | app_daily.interface.dash_main | dash_main | load_tabs:277 | Aba 'Logs' carregada com sucesso
2026-06-19T13:19:49 | INFO | app_daily.interface.dash_main | dash_main | sair:318 | Encerrando aplicação via botão Sair
