2026-07-02T10:17:25 level=INFO logger=audit_daily action=Inicialização do sistema status=success user="system" resource="aplicacao" details="base_dir=C:\Controle_Chaves"
2026-07-02T10:17:32 level=INFO logger=audit_daily action=Inicialização do sistema status=success user="system" resource="aplicacao" details="base_dir=C:\Controle_Chaves"
2026-07-02T10:17:45 level=INFO logger=audit_daily action=Login realizado status=success user="admin" resource="autenticacao" details="utilizador_id=1"
2026-07-02T10:18:03 level=INFO logger=audit_daily action=Usuário 'admin' fez logout da sessão status=success user="" resource="" details=""
2026-07-02T10:22:34 level=INFO logger=audit_daily action=Inicialização do sistema status=success user="system" resource="aplicacao" details="base_dir=C:\Controle_Chaves"
2026-07-02T10:25:05 level=INFO logger=audit_daily action=Inicialização do sistema status=success user="system" resource="aplicacao" details="base_dir=C:\Controle_Chaves"
2026-07-02T10:25:17 level=INFO logger=audit_daily action=Login realizado status=success user="admin" resource="autenticacao" details="utilizador_id=1"
2026-07-02T10:26:32 level=INFO logger=audit_daily action=Usuário 'admin' fez logout da sessão status=success user="" resource="" details=""
2026-07-02T11:00:10 level=INFO logger=audit_daily action=Inicialização do sistema status=success user="system" resource="aplicacao" details="base_dir=C:\Controle_Chaves"
2026-07-02T11:20:54 level=INFO logger=audit_daily action=Inicialização do sistema status=success user="system" resource="aplicacao" details="base_dir=C:\Controle_Chaves"
2026-07-02T11:21:53 level=INFO logger=audit_daily action=Inicialização do sistema status=success user="system" resource="aplicacao" details="base_dir=C:\Controle_Chaves"
2026-07-02T11:23:12 level=INFO logger=audit_daily action=Inicialização do sistema status=success user="system" resource="aplicacao" details="base_dir=C:\Controle_Chaves"
2026-07-02T11:26:30 level=INFO logger=audit_daily action=Inicialização do sistema status=success user="system" resource="aplicacao" details="base_dir=C:\Controle_Chaves"
2026-07-02T11:26:45 level=INFO logger=audit_daily action=Login realizado status=success user="admin" resource="autenticacao" details="utilizador_id=1"
2026-07-02T11:34:33 level=INFO logger=audit_daily action=Usuário 'admin' fez logout da sessão status=success user="" resource="" details=""
2026-07-02T12:56:34 level=INFO logger=audit_daily action=Inicialização do sistema status=success user="system" resource="aplicacao" details="base_dir=C:\Controle_Chaves"
2026-07-02T12:58:50 level=INFO logger=audit_daily action=Inicialização do sistema status=success user="system" resource="aplicacao" details="base_dir=C:\Controle_Chaves"
2026-07-02T13:08:05 level=INFO logger=audit_daily action=Inicialização do sistema status=success user="system" resource="aplicacao" details="base_dir=C:\Controle_Chaves"
2026-07-02T13:09:32 level=INFO logger=audit_daily action=Inicialização do sistema status=success user="system" resource="aplicacao" details="base_dir=C:\Controle_Chaves"
2026-07-02T13:20:03 level=INFO logger=audit_daily action=Inicialização do sistema status=success user="system" resource="aplicacao" details="base_dir=C:\Controle_Chaves"
2026-07-02T13:23:40 level=INFO logger=audit_daily action=Inicialização do sistema status=success user="system" resource="aplicacao" details="base_dir=C:\Controle_Chaves"
2026-07-02T13:29:54 level=INFO logger=audit_daily action=Inicialização do sistema status=success user="system" resource="aplicacao" details="base_dir=C:\Controle_Chaves"
2026-07-02T14:12:05 level=INFO logger=audit_daily action=Inicialização do sistema status=success user="system" resource="aplicacao" details="base_dir=C:\Controle_Chaves"
2026-07-02T14:15:38 level=INFO logger=audit_daily action=Inicialização do sistema status=success user="system" resource="aplicacao" details="base_dir=C:\Controle_Chaves"
2026-07-02T14:18:35 level=INFO logger=audit_daily action=Inicialização do sistema status=success user="system" resource="aplicacao" details="base_dir=C:\Controle_Chaves"
2026-07-02T14:20:46 level=INFO logger=audit_daily action=Inicialização do sistema status=success user="system" resource="aplicacao" details="base_dir=C:\Controle_Chaves"
2026-07-02T14:21:04 level=INFO logger=audit_daily action=Erro ao buscar usuário para login 'admin': execute_query() got an unexpected keyword argument 'fetchone' status=success user="" resource="" details=""
2026-07-02T14:21:04 level=INFO logger=audit_daily action=Tentativa de login status=failed user="admin" resource="autenticacao" details="falha_ao_carregar_sessao; utilizador_id=1"
2026-07-02T14:21:21 level=INFO logger=audit_daily action=Erro ao buscar usuário para login 'admin': execute_query() got an unexpected keyword argument 'fetchone' status=success user="" resource="" details=""
2026-07-02T14:21:21 level=INFO logger=audit_daily action=Tentativa de login status=failed user="admin" resource="autenticacao" details="falha_ao_carregar_sessao; utilizador_id=1"
2026-07-02T14:36:12 level=INFO logger=audit_daily action=Inicialização do sistema status=success user="system" resource="aplicacao" details="base_dir=C:\Controle_Chaves"
2026-07-02T14:36:24 level=INFO logger=audit_daily action=Inicialização do sistema status=success user="system" resource="aplicacao" details="base_dir=C:\Controle_Chaves"
