2026-07-03T11:14:50 | INFO | app_daily.interface.dash_main | dash_main | __init__:39 | Inicializando DashMain para TIAlvorada (admin)
2026-07-03T11:15:03 | ERROR | app_daily.interface.dash_main | dash_main | load_tabs:288 | Erro nas abas de admin
Traceback (most recent call last):
  File "C:\Controle_Chaves\interface\dash_main.py", line 277, in load_tabs
    self.admin_tab = AdminTab({
                     ~~~~~~~~^^
        "login": self.user_login,
        ^^^^^^^^^^^^^^^^^^^^^^^^^
        "nome": self.user_nome,
        ^^^^^^^^^^^^^^^^^^^^^^^
        "is_admin": True
        ^^^^^^^^^^^^^^^^
    })
    ^^
  File "C:\Controle_Chaves\admin\admin.py", line 22, in __init__
    self.salas_tab = SalasTab(current_user=self.current_user)
                     ~~~~~~~~^^^^^^^^^^^^^^^^^^^^^^^^^^^^^^^^
  File "C:\Controle_Chaves\admin\salas.py", line 23, in __init__
    self.carregar_dados()
    ^^^^^^^^^^^^^^^^^^^
AttributeError: 'SalasTab' object has no attribute 'carregar_dados'
2026-07-03T11:15:41 | INFO | app_daily.interface.dash_main | dash_main | _executar_logout:302 | Logout realizado para TIAlvorada (admin)
