2026-06-17T13:30:25 level=INFO logger=audit_daily action=Inicialização do sistema status=success user="system" resource="aplicacao" details="base_dir=C:\Controle_Chaves"
2026-06-17T13:30:37 level=INFO logger=audit_daily action=Login realizado status=success user="admin" resource="autenticacao" details="utilizador_id=1"
2026-06-17T13:32:12 level=INFO logger=audit_daily action=Inicialização do sistema status=success user="system" resource="aplicacao" details="base_dir=C:\Controle_Chaves"
2026-06-17T13:32:36 level=INFO logger=audit_daily action=Login realizado status=success user="admin" resource="autenticacao" details="utilizador_id=1"
2026-06-17T13:32:54 level=INFO logger=audit_daily action=Usuário 'admin' fez logout da sessão status=success user="" resource="" details=""
2026-06-17T13:33:25 level=INFO logger=audit_daily action=Tentativa de login status=failed user="jo" resource="autenticacao" details="senha_invalida; utilizador_id=18"
2026-06-17T13:33:40 level=INFO logger=audit_daily action=Alteração de senha no primeiro acesso status=success user="jo" resource="autenticacao" details="utilizador_id=18"
2026-06-17T13:33:40 level=INFO logger=audit_daily action=Login realizado status=success user="jo" resource="autenticacao" details="utilizador_id=18"
2026-06-17T14:26:13 level=INFO logger=audit_daily action=Inicialização do sistema status=success user="system" resource="aplicacao" details="base_dir=C:\Controle_Chaves"
2026-06-17T14:27:33 level=INFO logger=audit_daily action=Tentativa de login status=failed user="jo" resource="autenticacao" details="senha_invalida; utilizador_id=18"
2026-06-17T14:27:37 level=INFO logger=audit_daily action=Tentativa de login status=failed user="jo" resource="autenticacao" details="senha_invalida; utilizador_id=18"
2026-06-17T14:27:57 level=INFO logger=audit_daily action=Login realizado status=success user="admin" resource="autenticacao" details="utilizador_id=1"
2026-06-17T14:28:15 level=INFO logger=audit_daily action=Usuário 'admin' fez logout da sessão status=success user="" resource="" details=""
2026-06-17T14:28:31 level=INFO logger=audit_daily action=Login realizado status=success user="admin" resource="autenticacao" details="utilizador_id=1"
2026-06-17T14:29:32 level=INFO logger=audit_daily action=Usuário 'admin' fez logout da sessão status=success user="" resource="" details=""
2026-06-17T14:29:58 level=INFO logger=audit_daily action=Alteração de senha no primeiro acesso status=success user="jo" resource="autenticacao" details="utilizador_id=19"
2026-06-17T14:29:58 level=INFO logger=audit_daily action=Login realizado status=success user="jo" resource="autenticacao" details="utilizador_id=19"
2026-06-17T14:32:12 level=INFO logger=audit_daily action=Usuário 'jo' fez logout da sessão status=success user="" resource="" details=""
2026-06-17T14:32:25 level=INFO logger=audit_daily action=Login realizado status=success user="admin" resource="autenticacao" details="utilizador_id=1"
2026-06-17T14:39:21 level=INFO logger=audit_daily action=Inicialização do sistema status=success user="system" resource="aplicacao" details="base_dir=C:\Controle_Chaves"
2026-06-17T14:39:33 level=INFO logger=audit_daily action=Tentativa de login status=failed user="jo" resource="autenticacao" details="senha_invalida; utilizador_id=19"
2026-06-17T14:39:40 level=INFO logger=audit_daily action=Tentativa de login status=failed user="jo" resource="autenticacao" details="senha_invalida; utilizador_id=19"
2026-06-17T14:39:48 level=INFO logger=audit_daily action=Tentativa de login status=failed user="jo" resource="autenticacao" details="senha_invalida; utilizador_id=19"
2026-06-17T14:40:01 level=INFO logger=audit_daily action=Login realizado status=success user="admin" resource="autenticacao" details="utilizador_id=1"
2026-06-17T14:40:35 level=INFO logger=audit_daily action=Usuário 'admin' fez logout da sessão status=success user="" resource="" details=""
2026-06-17T14:40:43 level=INFO logger=audit_daily action=Login realizado status=success user="jo" resource="autenticacao" details="utilizador_id=19"
2026-06-17T14:42:54 level=INFO logger=audit_daily action=Usuário 'jo' fez logout da sessão status=success user="" resource="" details=""
2026-06-17T14:43:05 level=INFO logger=audit_daily action=Login realizado status=success user="admin" resource="autenticacao" details="utilizador_id=1"
