2026-07-01T10:13:02 level=INFO logger=audit_daily action=Inicialização do sistema status=success user="system" resource="aplicacao" details="base_dir=C:\Controle_Chaves"
2026-07-01T10:13:16 level=INFO logger=audit_daily action=Login realizado status=success user="admin" resource="autenticacao" details="utilizador_id=1"
2026-07-01T10:15:48 level=INFO logger=audit_daily action=Inicialização do sistema status=success user="system" resource="aplicacao" details="base_dir=C:\Controle_Chaves"
2026-07-01T10:16:01 level=INFO logger=audit_daily action=Login realizado status=success user="admin" resource="autenticacao" details="utilizador_id=1"
2026-07-01T10:38:15 level=INFO logger=audit_daily action=Inicialização do sistema status=success user="system" resource="aplicacao" details="base_dir=C:\Controle_Chaves"
2026-07-01T10:38:31 level=INFO logger=audit_daily action=Login realizado status=success user="admin" resource="autenticacao" details="utilizador_id=1"
2026-07-01T10:41:05 level=INFO logger=audit_daily action=Inicialização do sistema status=success user="system" resource="aplicacao" details="base_dir=C:\Controle_Chaves"
2026-07-01T10:41:17 level=INFO logger=audit_daily action=Tentativa de login status=failed user="asdmin" resource="autenticacao" details="utilizador_nao_encontrado"
2026-07-01T10:41:25 level=INFO logger=audit_daily action=Login realizado status=success user="admin" resource="autenticacao" details="utilizador_id=1"
2026-07-01T10:41:42 level=INFO logger=audit_daily action=Inicialização do sistema status=success user="system" resource="aplicacao" details="base_dir=C:\Controle_Chaves"
2026-07-01T10:41:55 level=INFO logger=audit_daily action=Login realizado status=success user="admin" resource="autenticacao" details="utilizador_id=1"
2026-07-01T10:45:12 level=INFO logger=audit_daily action=Inicialização do sistema status=success user="system" resource="aplicacao" details="base_dir=C:\Controle_Chaves"
2026-07-01T10:45:23 level=INFO logger=audit_daily action=Login realizado status=success user="admin" resource="autenticacao" details="utilizador_id=1"
2026-07-01T10:50:38 level=INFO logger=audit_daily action=Inicialização do sistema status=success user="system" resource="aplicacao" details="base_dir=C:\Controle_Chaves"
2026-07-01T10:50:51 level=INFO logger=audit_daily action=Login realizado status=success user="admin" resource="autenticacao" details="utilizador_id=1"
2026-07-01T10:55:09 level=INFO logger=audit_daily action=Inicialização do sistema status=success user="system" resource="aplicacao" details="base_dir=C:\Controle_Chaves"
2026-07-01T10:55:21 level=INFO logger=audit_daily action=Login realizado status=success user="admin" resource="autenticacao" details="utilizador_id=1"
2026-07-01T11:00:07 level=INFO logger=audit_daily action=Inicialização do sistema status=success user="system" resource="aplicacao" details="base_dir=C:\Controle_Chaves"
2026-07-01T11:00:25 level=INFO logger=audit_daily action=Login realizado status=success user="admin" resource="autenticacao" details="utilizador_id=1"
2026-07-01T11:13:02 level=INFO logger=audit_daily action=Inicialização do sistema status=success user="system" resource="aplicacao" details="base_dir=C:\Controle_Chaves"
2026-07-01T11:13:19 level=INFO logger=audit_daily action=Login realizado status=success user="admin" resource="autenticacao" details="utilizador_id=1"
2026-07-01T11:31:34 level=INFO logger=audit_daily action=Inicialização do sistema status=success user="system" resource="aplicacao" details="base_dir=C:\Controle_Chaves"
2026-07-01T11:32:06 level=INFO logger=audit_daily action=Login realizado status=success user="admin" resource="autenticacao" details="utilizador_id=1"
2026-07-01T11:32:40 level=INFO logger=audit_daily action=Usuário 'admin' fez logout da sessão status=success user="" resource="" details=""
2026-07-01T11:33:02 level=INFO logger=audit_daily action=Inicialização do sistema status=success user="system" resource="aplicacao" details="base_dir=C:\Controle_Chaves"
2026-07-01T11:48:49 level=INFO logger=audit_daily action=Inicialização do sistema status=success user="system" resource="aplicacao" details="base_dir=C:\Controle_Chaves"
2026-07-01T11:49:09 level=INFO logger=audit_daily action=Login realizado status=success user="admin" resource="autenticacao" details="utilizador_id=1"
2026-07-01T11:50:30 level=INFO logger=audit_daily action=Usuário 'admin' fez logout da sessão status=success user="" resource="" details=""
2026-07-01T12:23:00 level=INFO logger=audit_daily action=Inicialização do sistema status=success user="system" resource="aplicacao" details="base_dir=C:\Controle_Chaves"
2026-07-01T15:00:04 level=INFO logger=audit_daily action=Inicialização do sistema status=success user="system" resource="aplicacao" details="base_dir=C:\Controle_Chaves"
2026-07-01T15:00:14 level=INFO logger=audit_daily action=Inicialização do sistema status=success user="system" resource="aplicacao" details="base_dir=C:\Controle_Chaves"
2026-07-01T15:06:32 level=INFO logger=audit_daily action=Inicialização do sistema status=success user="system" resource="aplicacao" details="base_dir=C:\Controle_Chaves"
2026-07-01T15:11:50 level=INFO logger=audit_daily action=Inicialização do sistema status=success user="system" resource="aplicacao" details="base_dir=C:\Controle_Chaves"
2026-07-01T15:14:26 level=INFO logger=audit_daily action=Inicialização do sistema status=success user="system" resource="aplicacao" details="base_dir=C:\Controle_Chaves"
2026-07-01T15:14:41 level=INFO logger=audit_daily action=Login realizado status=success user="admin" resource="autenticacao" details="utilizador_id=1"
2026-07-01T15:15:32 level=INFO logger=audit_daily action=Usuário 'admin' fez logout da sessão status=success user="" resource="" details=""
2026-07-01T15:17:53 level=INFO logger=audit_daily action=Inicialização do sistema status=success user="system" resource="aplicacao" details="base_dir=C:\Controle_Chaves"
2026-07-01T15:18:06 level=INFO logger=audit_daily action=Tentativa de login status=failed user="admin" resource="autenticacao" details="senha_invalida; utilizador_id=1"
2026-07-01T15:18:18 level=INFO logger=audit_daily action=Login realizado status=success user="admin" resource="autenticacao" details="utilizador_id=1"
2026-07-01T15:21:54 level=INFO logger=audit_daily action=Usuário 'admin' fez logout da sessão status=success user="" resource="" details=""
2026-07-01T15:24:27 level=INFO logger=audit_daily action=Inicialização do sistema status=success user="system" resource="aplicacao" details="base_dir=C:\Controle_Chaves"
2026-07-01T15:24:46 level=INFO logger=audit_daily action=Login realizado status=success user="admin" resource="autenticacao" details="utilizador_id=1"
2026-07-01T15:25:11 level=INFO logger=audit_daily action=Usuário 'admin' fez logout da sessão status=success user="" resource="" details=""
2026-07-01T15:33:48 level=INFO logger=audit_daily action=Inicialização do sistema status=success user="system" resource="aplicacao" details="base_dir=C:\Controle_Chaves"
2026-07-01T15:36:40 level=INFO logger=audit_daily action=Inicialização do sistema status=success user="system" resource="aplicacao" details="base_dir=C:\Controle_Chaves"
2026-07-01T15:36:52 level=INFO logger=audit_daily action=Login realizado status=success user="admin" resource="autenticacao" details="utilizador_id=1"
2026-07-01T15:37:09 level=INFO logger=audit_daily action=Usuário 'admin' fez logout da sessão status=success user="" resource="" details=""
