2026-07-03T10:47:25 level=INFO logger=audit_daily action=Inicialização do sistema status=success user="system" resource="aplicacao" details="base_dir=C:\Controle_Chaves"
2026-07-03T10:49:01 level=INFO logger=audit_daily action=Inicialização do sistema status=success user="system" resource="aplicacao" details="base_dir=C:\Controle_Chaves"
2026-07-03T10:51:18 level=INFO logger=audit_daily action=Inicialização do sistema status=success user="system" resource="aplicacao" details="base_dir=C:\Controle_Chaves"
2026-07-03T10:52:10 level=INFO logger=audit_daily action=Inicialização do sistema status=success user="system" resource="aplicacao" details="base_dir=C:\Controle_Chaves"
2026-07-03T10:52:24 level=INFO logger=audit_daily action=Erro ao buscar usuário para login 'admin': 'database' status=success user="" resource="" details=""
2026-07-03T10:52:24 level=INFO logger=audit_daily action=Tentativa de login status=failed user="admin" resource="autenticacao" details="falha_ao_carregar_sessao; utilizador_id=1"
2026-07-03T10:52:33 level=INFO logger=audit_daily action=Erro ao buscar usuário para login 'admin': 'database' status=success user="" resource="" details=""
2026-07-03T10:52:33 level=INFO logger=audit_daily action=Tentativa de login status=failed user="admin" resource="autenticacao" details="falha_ao_carregar_sessao; utilizador_id=1"
2026-07-03T10:52:36 level=INFO logger=audit_daily action=Erro ao buscar usuário para login 'admin': 'database' status=success user="" resource="" details=""
2026-07-03T10:52:36 level=INFO logger=audit_daily action=Tentativa de login status=failed user="admin" resource="autenticacao" details="falha_ao_carregar_sessao; utilizador_id=1"
2026-07-03T10:52:48 level=INFO logger=audit_daily action=Erro ao buscar usuário para login 'admin': 'database' status=success user="" resource="" details=""
2026-07-03T10:52:48 level=INFO logger=audit_daily action=Tentativa de login status=failed user="admin" resource="autenticacao" details="falha_ao_carregar_sessao; utilizador_id=1"
2026-07-03T10:55:56 level=INFO logger=audit_daily action=Inicialização do sistema status=success user="system" resource="aplicacao" details="base_dir=C:\Controle_Chaves"
2026-07-03T10:56:10 level=INFO logger=audit_daily action=Erro ao buscar usuário para login 'admin': 'database' status=success user="" resource="" details=""
2026-07-03T10:56:10 level=INFO logger=audit_daily action=Tentativa de login status=failed user="admin" resource="autenticacao" details="falha_ao_carregar_sessao; utilizador_id=1"
2026-07-03T10:56:13 level=INFO logger=audit_daily action=Erro ao buscar usuário para login 'admin': 'database' status=success user="" resource="" details=""
2026-07-03T10:56:13 level=INFO logger=audit_daily action=Tentativa de login status=failed user="admin" resource="autenticacao" details="falha_ao_carregar_sessao; utilizador_id=1"
2026-07-03T10:58:58 level=INFO logger=audit_daily action=Inicialização do sistema status=success user="system" resource="aplicacao" details="base_dir=C:\Controle_Chaves"
2026-07-03T10:59:11 level=INFO logger=audit_daily action=Erro ao buscar usuário para login 'admin': 'database' status=success user="" resource="" details=""
2026-07-03T10:59:11 level=INFO logger=audit_daily action=Tentativa de login status=failed user="admin" resource="autenticacao" details="falha_ao_carregar_sessao; utilizador_id=1"
2026-07-03T10:59:15 level=INFO logger=audit_daily action=Erro ao buscar usuário para login 'admin': 'database' status=success user="" resource="" details=""
2026-07-03T10:59:15 level=INFO logger=audit_daily action=Tentativa de login status=failed user="admin" resource="autenticacao" details="falha_ao_carregar_sessao; utilizador_id=1"
2026-07-03T10:59:19 level=INFO logger=audit_daily action=Erro ao buscar usuário para login 'admin': 'database' status=success user="" resource="" details=""
2026-07-03T10:59:19 level=INFO logger=audit_daily action=Tentativa de login status=failed user="admin" resource="autenticacao" details="falha_ao_carregar_sessao; utilizador_id=1"
2026-07-03T10:59:31 level=INFO logger=audit_daily action=Erro ao buscar usuário para login 'admin': 'database' status=success user="" resource="" details=""
2026-07-03T10:59:31 level=INFO logger=audit_daily action=Tentativa de login status=failed user="admin" resource="autenticacao" details="falha_ao_carregar_sessao; utilizador_id=1"
2026-07-03T11:07:21 level=INFO logger=audit_daily action=Inicialização do sistema status=success user="system" resource="aplicacao" details="base_dir=C:\Controle_Chaves"
2026-07-03T11:07:35 level=INFO logger=audit_daily action=Erro ao buscar usuário para login 'admin': 'database' status=success user="" resource="" details=""
2026-07-03T11:07:35 level=INFO logger=audit_daily action=Tentativa de login status=failed user="admin" resource="autenticacao" details="falha_ao_carregar_sessao; utilizador_id=1"
2026-07-03T11:10:11 level=INFO logger=audit_daily action=Inicialização do sistema status=success user="system" resource="aplicacao" details="base_dir=C:\Controle_Chaves"
2026-07-03T11:10:22 level=INFO logger=audit_daily action=Erro ao buscar usuário para login 'admin': KeyError: 'database' status=success user="" resource="" details=""
2026-07-03T11:10:22 level=INFO logger=audit_daily action=Tentativa de login status=failed user="admin" resource="autenticacao" details="falha_ao_carregar_sessao; utilizador_id=1"
2026-07-03T11:14:36 level=INFO logger=audit_daily action=Inicialização do sistema status=success user="system" resource="aplicacao" details="base_dir=C:\Controle_Chaves"
2026-07-03T11:14:48 level=INFO logger=audit_daily action=Sessão iniciada para usuário 'admin' status=success user="" resource="" details=""
2026-07-03T11:14:48 level=INFO logger=audit_daily action=Login realizado status=success user="admin" resource="autenticacao" details="utilizador_id=1"
2026-07-03T11:15:41 level=INFO logger=audit_daily action=Usuário 'admin' fez logout da sessão status=success user="" resource="" details=""
