2026-06-30T10:40:51 | INFO | app_daily.interface.dash_main | dash_main | __init__:48 | Inicializando DashMain para utilizador=TIAlvorada login=admin admin=True
2026-06-30T10:40:51 | INFO | app_daily.interface.dash_main | dash_main | __init__:102 | Logo da aplicação carregado com sucesso
2026-06-30T10:40:51 | INFO | app_daily.interface.dash_main | dash_main | load_tabs:243 | Iniciando carregamento das abas principais
2026-06-30T10:40:51 | INFO | app_daily.interface.dash_main | dash_main | load_tabs:248 | Aba 'Movimentações' carregada com sucesso
2026-06-30T10:40:51 | INFO | app_daily.interface.dash_main | dash_main | load_tabs:256 | Aba 'Relatórios' carregada com sucesso
2026-06-30T10:40:51 | INFO | app_daily.interface.dash_main | dash_main | load_tabs:264 | Aba 'Utilizadores' carregada com sucesso
2026-06-30T10:40:51 | INFO | app_daily.admin.predios | predios | __init__:40 | Inicializando aba de gestão de prédios
2026-06-30T10:40:51 | INFO | app_daily.admin.predios | predios | load_predios:113 | Carregando lista de prédios
2026-06-30T10:40:51 | INFO | app_daily.admin.predios | predios | load_predios:123 | Consulta de prédios executada com sucesso: 2 registro(s)
2026-06-30T10:40:51 | INFO | app_daily.admin.anexos | anexos | __init__:65 | Inicializando aba de gestão de anexos
2026-06-30T10:40:51 | INFO | app_daily.admin.anexos | anexos | load_anexos:130 | Carregando lista de anexos
2026-06-30T10:40:51 | INFO | app_daily.admin.anexos | anexos | load_anexos:149 | Consulta de anexos executada com sucesso: 3 registro(s)
2026-06-30T10:40:51 | INFO | app_daily.interface.dash_main | dash_main | load_tabs:277 | Aba 'Administração' carregada com sucesso
2026-06-30T10:40:51 | INFO | app_daily.admin.log_viewer_tab | log_viewer_tab | __init__:24 | Inicializando aba de visualização de logs
2026-06-30T10:40:51 | INFO | app_daily.admin.log_viewer_tab | log_viewer_tab | carregar_logs:99 | Carregando log na interface: tipo=Auditoria arquivo=C:\Controle_Chaves\logs\app_audit_30062026.log
2026-06-30T10:40:51 | INFO | app_daily.admin.log_viewer_tab | log_viewer_tab | carregar_logs:121 | Log carregado com sucesso: tipo=Auditoria
2026-06-30T10:40:51 | INFO | app_daily.interface.dash_main | dash_main | load_tabs:281 | Aba 'Logs' carregada com sucesso
2026-06-30T10:43:49 | INFO | app_daily.interface.dash_main | dash_main | sair:322 | Encerrando aplicação via botão Sair
2026-06-30T10:44:34 | INFO | app_daily.interface.dash_main | dash_main | __init__:48 | Inicializando DashMain para utilizador=TIAlvorada login=admin admin=True
2026-06-30T10:44:34 | INFO | app_daily.interface.dash_main | dash_main | __init__:102 | Logo da aplicação carregado com sucesso
2026-06-30T10:44:34 | INFO | app_daily.interface.dash_main | dash_main | load_tabs:243 | Iniciando carregamento das abas principais
2026-06-30T10:44:34 | INFO | app_daily.interface.dash_main | dash_main | load_tabs:248 | Aba 'Movimentações' carregada com sucesso
2026-06-30T10:44:34 | INFO | app_daily.interface.dash_main | dash_main | load_tabs:256 | Aba 'Relatórios' carregada com sucesso
2026-06-30T10:44:35 | INFO | app_daily.interface.dash_main | dash_main | load_tabs:264 | Aba 'Utilizadores' carregada com sucesso
2026-06-30T10:44:35 | INFO | app_daily.admin.predios | predios | __init__:40 | Inicializando aba de gestão de prédios
2026-06-30T10:44:35 | INFO | app_daily.admin.predios | predios | load_predios:113 | Carregando lista de prédios
2026-06-30T10:44:35 | INFO | app_daily.admin.predios | predios | load_predios:123 | Consulta de prédios executada com sucesso: 2 registro(s)
2026-06-30T10:44:35 | INFO | app_daily.admin.anexos | anexos | __init__:65 | Inicializando aba de gestão de anexos
2026-06-30T10:44:35 | INFO | app_daily.admin.anexos | anexos | load_anexos:130 | Carregando lista de anexos
2026-06-30T10:44:35 | INFO | app_daily.admin.anexos | anexos | load_anexos:149 | Consulta de anexos executada com sucesso: 3 registro(s)
2026-06-30T10:44:35 | INFO | app_daily.interface.dash_main | dash_main | load_tabs:277 | Aba 'Administração' carregada com sucesso
2026-06-30T10:44:35 | INFO | app_daily.admin.log_viewer_tab | log_viewer_tab | __init__:24 | Inicializando aba de visualização de logs
2026-06-30T10:44:35 | INFO | app_daily.admin.log_viewer_tab | log_viewer_tab | carregar_logs:99 | Carregando log na interface: tipo=Auditoria arquivo=C:\Controle_Chaves\logs\app_audit_30062026.log
2026-06-30T10:44:35 | INFO | app_daily.admin.log_viewer_tab | log_viewer_tab | carregar_logs:121 | Log carregado com sucesso: tipo=Auditoria
2026-06-30T10:44:35 | INFO | app_daily.interface.dash_main | dash_main | load_tabs:281 | Aba 'Logs' carregada com sucesso
2026-06-30T10:45:12 | INFO | app_daily.interface.dash_main | dash_main | __init__:48 | Inicializando DashMain para utilizador=TIAlvorada login=admin admin=True
2026-06-30T10:45:12 | INFO | app_daily.interface.dash_main | dash_main | __init__:102 | Logo da aplicação carregado com sucesso
2026-06-30T10:45:12 | INFO | app_daily.interface.dash_main | dash_main | load_tabs:243 | Iniciando carregamento das abas principais
2026-06-30T10:45:12 | INFO | app_daily.interface.dash_main | dash_main | load_tabs:248 | Aba 'Movimentações' carregada com sucesso
2026-06-30T10:45:12 | INFO | app_daily.interface.dash_main | dash_main | load_tabs:256 | Aba 'Relatórios' carregada com sucesso
2026-06-30T10:45:12 | INFO | app_daily.interface.dash_main | dash_main | load_tabs:264 | Aba 'Utilizadores' carregada com sucesso
2026-06-30T10:45:13 | INFO | app_daily.admin.predios | predios | __init__:40 | Inicializando aba de gestão de prédios
2026-06-30T10:45:13 | INFO | app_daily.admin.predios | predios | load_predios:113 | Carregando lista de prédios
2026-06-30T10:45:13 | INFO | app_daily.admin.predios | predios | load_predios:123 | Consulta de prédios executada com sucesso: 2 registro(s)
2026-06-30T10:45:13 | INFO | app_daily.admin.anexos | anexos | __init__:65 | Inicializando aba de gestão de anexos
2026-06-30T10:45:13 | INFO | app_daily.admin.anexos | anexos | load_anexos:130 | Carregando lista de anexos
2026-06-30T10:45:13 | INFO | app_daily.admin.anexos | anexos | load_anexos:149 | Consulta de anexos executada com sucesso: 3 registro(s)
2026-06-30T10:45:13 | INFO | app_daily.interface.dash_main | dash_main | load_tabs:277 | Aba 'Administração' carregada com sucesso
2026-06-30T10:45:13 | INFO | app_daily.admin.log_viewer_tab | log_viewer_tab | __init__:24 | Inicializando aba de visualização de logs
2026-06-30T10:45:13 | INFO | app_daily.admin.log_viewer_tab | log_viewer_tab | carregar_logs:99 | Carregando log na interface: tipo=Auditoria arquivo=C:\Controle_Chaves\logs\app_audit_30062026.log
2026-06-30T10:45:13 | INFO | app_daily.admin.log_viewer_tab | log_viewer_tab | carregar_logs:121 | Log carregado com sucesso: tipo=Auditoria
2026-06-30T10:45:13 | INFO | app_daily.interface.dash_main | dash_main | load_tabs:281 | Aba 'Logs' carregada com sucesso
2026-06-30T13:00:48 | INFO | app_daily.interface.dash_main | dash_main | __init__:48 | Inicializando DashMain para utilizador=TIAlvorada login=admin admin=True
2026-06-30T13:05:30 | INFO | app_daily.interface.dash_main | dash_main | __init__:48 | Inicializando DashMain para utilizador=TIAlvorada login=admin admin=True
2026-06-30T13:08:20 | INFO | app_daily.interface.dash_main | dash_main | __init__:48 | Inicializando DashMain para utilizador=TIAlvorada login=admin admin=True
2026-06-30T13:08:56 | INFO | app_daily.interface.dash_main | dash_main | __init__:48 | Inicializando DashMain para utilizador=TIAlvorada login=admin admin=True
2026-06-30T13:13:12 | INFO | app_daily.interface.dash_main | dash_main | __init__:48 | Inicializando DashMain para utilizador=TIAlvorada login=admin admin=True
2026-06-30T13:15:37 | INFO | app_daily.interface.dash_main | dash_main | __init__:48 | Inicializando DashMain para utilizador=TIAlvorada login=admin admin=True
2026-06-30T13:15:37 | INFO | app_daily.interface.dash_main | dash_main | __init__:102 | Logo da aplicação carregado com sucesso
2026-06-30T13:15:37 | INFO | app_daily.interface.dash_main | dash_main | load_tabs:243 | Iniciando carregamento das abas principais
2026-06-30T13:15:37 | ERROR | app_daily.interface.dash_main | dash_main | load_tabs:250 | Falha ao carregar aba Movimentações
Traceback (most recent call last):
  File "C:\Controle_Chaves\interface\dash_main.py", line 246, in load_tabs
    self.mov_tab = MovimentacoesTab()
                   ~~~~~~~~~~~~~~~~^^
  File "C:\Controle_Chaves\controle\movimentacoes.py", line 387, in __init__
    self.init_ui()
    ~~~~~~~~~~~~^^
  File "C:\Controle_Chaves\controle\movimentacoes.py", line 465, in init_ui
    self.btn_novo_utilizador.setCursor(Qt.PointingHandCursor)
                                       ^^^^^^^^^^^^^^^^^^^^^
AttributeError: type object 'Qt' has no attribute 'PointingHandCursor'
2026-06-30T13:15:50 | ERROR | app_daily.interface.dash_main | dash_main | load_tabs:258 | Falha ao carregar aba Relatórios
Traceback (most recent call last):
  File "C:\Controle_Chaves\interface\dash_main.py", line 254, in load_tabs
    self.rel_tab = RelatoriosTab()
                   ~~~~~~~~~~~~~^^
  File "C:\Controle_Chaves\relatorios\relatorios_tab.py", line 21, in __init__
    self.tabs.addTab(RelatorioGeralTab(), "Geral")
                     ~~~~~~~~~~~~~~~~~^^
  File "C:\Controle_Chaves\relatorios\relatorio_geral.py", line 82, in __init__
    self.setup_ui()
    ~~~~~~~~~~~~~^^
  File "C:\Controle_Chaves\relatorios\relatorio_geral.py", line 136, in setup_ui
    self._configurar_tabela()
    ~~~~~~~~~~~~~~~~~~~~~~~^^
  File "C:\Controle_Chaves\relatorios\relatorio_geral.py", line 146, in _configurar_tabela
    header.setSectionResizeMode(0, QHeaderView.ResizeToContents)
                                   ^^^^^^^^^^^^^^^^^^^^^^^^^^^^
AttributeError: type object 'QHeaderView' has no attribute 'ResizeToContents'
2026-06-30T13:16:22 | ERROR | app_daily.interface.dash_main | dash_main | load_tabs:266 | Falha ao carregar aba Utilizadores
Traceback (most recent call last):
  File "C:\Controle_Chaves\interface\dash_main.py", line 262, in load_tabs
    self.util_tab = UtilizadoresTab(movimentacoes_tab=self.mov_tab)
                    ~~~~~~~~~~~~~~~^^^^^^^^^^^^^^^^^^^^^^^^^^^^^^^^
  File "C:\Controle_Chaves\admin\utilizadores_tab.py", line 127, in __init__
    self._setup_ui()
    ~~~~~~~~~~~~~~^^
  File "C:\Controle_Chaves\admin\utilizadores_tab.py", line 139, in _setup_ui
    self.table.horizontalHeader().setSectionResizeMode(QHeaderView.Stretch)
                                                       ^^^^^^^^^^^^^^^^^^^
AttributeError: type object 'QHeaderView' has no attribute 'Stretch'
2026-06-30T13:17:07 | ERROR | app_daily.interface.dash_main | dash_main | load_tabs:285 | Falha ao carregar abas administrativas
Traceback (most recent call last):
  File "C:\Controle_Chaves\interface\dash_main.py", line 271, in load_tabs
    self.admin_tab = AdminTab(current_user={
                     ~~~~~~~~^^^^^^^^^^^^^^^
        "login": self.user_login,
        ^^^^^^^^^^^^^^^^^^^^^^^^^
        "nome": self.user_nome,
        ^^^^^^^^^^^^^^^^^^^^^^^
        "is_admin": self.user_is_admin,
        ^^^^^^^^^^^^^^^^^^^^^^^^^^^^^^^
    })
    ^^
  File "C:\Controle_Chaves\admin\admin.py", line 21, in __init__
    self.usuarios_tab = UsuariosTab()
                        ~~~~~~~~~~~^^
  File "C:\Controle_Chaves\admin\usuarios.py", line 86, in __init__
    self.table.horizontalHeader().setSectionResizeMode(QHeaderView.Stretch)
                                                       ^^^^^^^^^^^^^^^^^^^
AttributeError: type object 'QHeaderView' has no attribute 'Stretch'
2026-06-30T13:17:20 | INFO | app_daily.interface.dash_main | dash_main | sair:322 | Encerrando aplicação via botão Sair
2026-06-30T13:17:20 | INFO | app_daily.interface.dash_main | dash_main | closeEvent:314 | Fechando DashMain
2026-06-30T13:18:12 | INFO | app_daily.interface.dash_main | dash_main | __init__:48 | Inicializando DashMain para utilizador=TIAlvorada login=admin admin=True
2026-06-30T13:18:12 | INFO | app_daily.interface.dash_main | dash_main | __init__:102 | Logo da aplicação carregado com sucesso
2026-06-30T13:18:12 | INFO | app_daily.interface.dash_main | dash_main | load_tabs:243 | Iniciando carregamento das abas principais
2026-06-30T13:18:12 | ERROR | app_daily.interface.dash_main | dash_main | load_tabs:250 | Falha ao carregar aba Movimentações
Traceback (most recent call last):
  File "C:\Controle_Chaves\interface\dash_main.py", line 246, in load_tabs
    self.mov_tab = MovimentacoesTab()
                   ~~~~~~~~~~~~~~~~^^
  File "C:\Controle_Chaves\controle\movimentacoes.py", line 387, in __init__
    self.init_ui()
    ~~~~~~~~~~~~^^
  File "C:\Controle_Chaves\controle\movimentacoes.py", line 465, in init_ui
    self.btn_novo_utilizador.setCursor(Qt.PointingHandCursor)
                                       ^^^^^^^^^^^^^^^^^^^^^
AttributeError: type object 'Qt' has no attribute 'PointingHandCursor'
2026-06-30T13:18:14 | ERROR | app_daily.interface.dash_main | dash_main | load_tabs:258 | Falha ao carregar aba Relatórios
Traceback (most recent call last):
  File "C:\Controle_Chaves\interface\dash_main.py", line 254, in load_tabs
    self.rel_tab = RelatoriosTab()
                   ~~~~~~~~~~~~~^^
  File "C:\Controle_Chaves\relatorios\relatorios_tab.py", line 21, in __init__
    self.tabs.addTab(RelatorioGeralTab(), "Geral")
                     ~~~~~~~~~~~~~~~~~^^
  File "C:\Controle_Chaves\relatorios\relatorio_geral.py", line 82, in __init__
    self.setup_ui()
    ~~~~~~~~~~~~~^^
  File "C:\Controle_Chaves\relatorios\relatorio_geral.py", line 136, in setup_ui
    self._configurar_tabela()
    ~~~~~~~~~~~~~~~~~~~~~~~^^
  File "C:\Controle_Chaves\relatorios\relatorio_geral.py", line 146, in _configurar_tabela
    header.setSectionResizeMode(0, QHeaderView.ResizeToContents)
                                   ^^^^^^^^^^^^^^^^^^^^^^^^^^^^
AttributeError: type object 'QHeaderView' has no attribute 'ResizeToContents'
2026-06-30T13:18:14 | ERROR | app_daily.interface.dash_main | dash_main | load_tabs:266 | Falha ao carregar aba Utilizadores
Traceback (most recent call last):
  File "C:\Controle_Chaves\interface\dash_main.py", line 262, in load_tabs
    self.util_tab = UtilizadoresTab(movimentacoes_tab=self.mov_tab)
                    ~~~~~~~~~~~~~~~^^^^^^^^^^^^^^^^^^^^^^^^^^^^^^^^
  File "C:\Controle_Chaves\admin\utilizadores_tab.py", line 127, in __init__
    self._setup_ui()
    ~~~~~~~~~~~~~~^^
  File "C:\Controle_Chaves\admin\utilizadores_tab.py", line 139, in _setup_ui
    self.table.horizontalHeader().setSectionResizeMode(QHeaderView.Stretch)
                                                       ^^^^^^^^^^^^^^^^^^^
AttributeError: type object 'QHeaderView' has no attribute 'Stretch'
2026-06-30T13:18:15 | ERROR | app_daily.interface.dash_main | dash_main | load_tabs:285 | Falha ao carregar abas administrativas
Traceback (most recent call last):
  File "C:\Controle_Chaves\interface\dash_main.py", line 271, in load_tabs
    self.admin_tab = AdminTab(current_user={
                     ~~~~~~~~^^^^^^^^^^^^^^^
        "login": self.user_login,
        ^^^^^^^^^^^^^^^^^^^^^^^^^
        "nome": self.user_nome,
        ^^^^^^^^^^^^^^^^^^^^^^^
        "is_admin": self.user_is_admin,
        ^^^^^^^^^^^^^^^^^^^^^^^^^^^^^^^
    })
    ^^
  File "C:\Controle_Chaves\admin\admin.py", line 21, in __init__
    self.usuarios_tab = UsuariosTab()
                        ~~~~~~~~~~~^^
  File "C:\Controle_Chaves\admin\usuarios.py", line 86, in __init__
    self.table.horizontalHeader().setSectionResizeMode(QHeaderView.Stretch)
                                                       ^^^^^^^^^^^^^^^^^^^
AttributeError: type object 'QHeaderView' has no attribute 'Stretch'
2026-06-30T13:18:18 | INFO | app_daily.interface.dash_main | dash_main | sair:322 | Encerrando aplicação via botão Sair
2026-06-30T13:18:18 | INFO | app_daily.interface.dash_main | dash_main | closeEvent:314 | Fechando DashMain
2026-06-30T13:22:18 | INFO | app_daily.interface.dash_main | dash_main | __init__:48 | Inicializando DashMain para utilizador=TIAlvorada login=admin admin=True
2026-06-30T13:22:18 | INFO | app_daily.interface.dash_main | dash_main | __init__:102 | Logo da aplicação carregado com sucesso
2026-06-30T13:22:18 | INFO | app_daily.interface.dash_main | dash_main | load_tabs:243 | Iniciando carregamento das abas principais
2026-06-30T13:22:18 | ERROR | app_daily.interface.dash_main | dash_main | load_tabs:250 | Falha ao carregar aba Movimentações
Traceback (most recent call last):
  File "C:\Controle_Chaves\interface\dash_main.py", line 246, in load_tabs
    self.mov_tab = MovimentacoesTab()
                   ~~~~~~~~~~~~~~~~^^
  File "C:\Controle_Chaves\controle\movimentacoes.py", line 387, in __init__
    self.init_ui()
    ~~~~~~~~~~~~^^
  File "C:\Controle_Chaves\controle\movimentacoes.py", line 465, in init_ui
    self.btn_novo_utilizador.setCursor(Qt.PointingHandCursor)
                                       ^^^^^^^^^^^^^^^^^^^^^
AttributeError: type object 'Qt' has no attribute 'PointingHandCursor'
2026-06-30T13:22:31 | ERROR | app_daily.interface.dash_main | dash_main | load_tabs:258 | Falha ao carregar aba Relatórios
Traceback (most recent call last):
  File "C:\Controle_Chaves\interface\dash_main.py", line 254, in load_tabs
    self.rel_tab = RelatoriosTab()
                   ~~~~~~~~~~~~~^^
  File "C:\Controle_Chaves\relatorios\relatorios_tab.py", line 21, in __init__
    self.tabs.addTab(RelatorioGeralTab(), "Geral")
                     ~~~~~~~~~~~~~~~~~^^
  File "C:\Controle_Chaves\relatorios\relatorio_geral.py", line 82, in __init__
    self.setup_ui()
    ~~~~~~~~~~~~~^^
  File "C:\Controle_Chaves\relatorios\relatorio_geral.py", line 136, in setup_ui
    self._configurar_tabela()
    ~~~~~~~~~~~~~~~~~~~~~~~^^
  File "C:\Controle_Chaves\relatorios\relatorio_geral.py", line 146, in _configurar_tabela
    header.setSectionResizeMode(0, QHeaderView.ResizeToContents)
                                   ^^^^^^^^^^^^^^^^^^^^^^^^^^^^
AttributeError: type object 'QHeaderView' has no attribute 'ResizeToContents'
2026-06-30T13:22:32 | ERROR | app_daily.interface.dash_main | dash_main | load_tabs:266 | Falha ao carregar aba Utilizadores
Traceback (most recent call last):
  File "C:\Controle_Chaves\interface\dash_main.py", line 262, in load_tabs
    self.util_tab = UtilizadoresTab(movimentacoes_tab=self.mov_tab)
                    ~~~~~~~~~~~~~~~^^^^^^^^^^^^^^^^^^^^^^^^^^^^^^^^
  File "C:\Controle_Chaves\admin\utilizadores_tab.py", line 127, in __init__
    self._setup_ui()
    ~~~~~~~~~~~~~~^^
  File "C:\Controle_Chaves\admin\utilizadores_tab.py", line 139, in _setup_ui
    self.table.horizontalHeader().setSectionResizeMode(QHeaderView.Stretch)
                                                       ^^^^^^^^^^^^^^^^^^^
AttributeError: type object 'QHeaderView' has no attribute 'Stretch'
2026-06-30T13:22:33 | ERROR | app_daily.interface.dash_main | dash_main | load_tabs:285 | Falha ao carregar abas administrativas
Traceback (most recent call last):
  File "C:\Controle_Chaves\interface\dash_main.py", line 271, in load_tabs
    self.admin_tab = AdminTab(current_user={
                     ~~~~~~~~^^^^^^^^^^^^^^^
        "login": self.user_login,
        ^^^^^^^^^^^^^^^^^^^^^^^^^
        "nome": self.user_nome,
        ^^^^^^^^^^^^^^^^^^^^^^^
        "is_admin": self.user_is_admin,
        ^^^^^^^^^^^^^^^^^^^^^^^^^^^^^^^
    })
    ^^
  File "C:\Controle_Chaves\admin\admin.py", line 21, in __init__
    self.usuarios_tab = UsuariosTab()
                        ~~~~~~~~~~~^^
  File "C:\Controle_Chaves\admin\usuarios.py", line 86, in __init__
    self.table.horizontalHeader().setSectionResizeMode(QHeaderView.Stretch)
                                                       ^^^^^^^^^^^^^^^^^^^
AttributeError: type object 'QHeaderView' has no attribute 'Stretch'
2026-06-30T13:22:35 | INFO | app_daily.interface.dash_main | dash_main | sair:322 | Encerrando aplicação via botão Sair
2026-06-30T13:22:35 | INFO | app_daily.interface.dash_main | dash_main | closeEvent:314 | Fechando DashMain
2026-06-30T13:24:09 | INFO | app_daily.interface.dash_main | dash_main | __init__:38 | Inicializando DashMain para TIAlvorada (admin)
2026-06-30T13:24:09 | ERROR | app_daily.interface.dash_main | dash_main | load_tabs:169 | Erro na aba Movimentações
Traceback (most recent call last):
  File "C:\Controle_Chaves\interface\dash_main.py", line 166, in load_tabs
    self.mov_tab = MovimentacoesTab()
                   ~~~~~~~~~~~~~~~~^^
  File "C:\Controle_Chaves\controle\movimentacoes.py", line 387, in __init__
    self.init_ui()
    ~~~~~~~~~~~~^^
  File "C:\Controle_Chaves\controle\movimentacoes.py", line 465, in init_ui
    self.btn_novo_utilizador.setCursor(Qt.PointingHandCursor)
                                       ^^^^^^^^^^^^^^^^^^^^^
AttributeError: type object 'Qt' has no attribute 'PointingHandCursor'
2026-06-30T13:24:11 | ERROR | app_daily.interface.dash_main | dash_main | load_tabs:176 | Erro na aba Relatórios
Traceback (most recent call last):
  File "C:\Controle_Chaves\interface\dash_main.py", line 173, in load_tabs
    self.rel_tab = RelatoriosTab()
                   ~~~~~~~~~~~~~^^
  File "C:\Controle_Chaves\relatorios\relatorios_tab.py", line 21, in __init__
    self.tabs.addTab(RelatorioGeralTab(), "Geral")
                     ~~~~~~~~~~~~~~~~~^^
  File "C:\Controle_Chaves\relatorios\relatorio_geral.py", line 82, in __init__
    self.setup_ui()
    ~~~~~~~~~~~~~^^
  File "C:\Controle_Chaves\relatorios\relatorio_geral.py", line 136, in setup_ui
    self._configurar_tabela()
    ~~~~~~~~~~~~~~~~~~~~~~~^^
  File "C:\Controle_Chaves\relatorios\relatorio_geral.py", line 146, in _configurar_tabela
    header.setSectionResizeMode(0, QHeaderView.ResizeToContents)
                                   ^^^^^^^^^^^^^^^^^^^^^^^^^^^^
AttributeError: type object 'QHeaderView' has no attribute 'ResizeToContents'
2026-06-30T13:24:12 | ERROR | app_daily.interface.dash_main | dash_main | load_tabs:183 | Erro na aba Utilizadores
Traceback (most recent call last):
  File "C:\Controle_Chaves\interface\dash_main.py", line 180, in load_tabs
    self.util_tab = UtilizadoresTab(self.mov_tab)
                                    ^^^^^^^^^^^^
AttributeError: 'DashMain' object has no attribute 'mov_tab'
2026-06-30T13:24:13 | ERROR | app_daily.interface.dash_main | dash_main | load_tabs:197 | Erro nas abas de admin
Traceback (most recent call last):
  File "C:\Controle_Chaves\interface\dash_main.py", line 188, in load_tabs
    self.admin_tab = AdminTab({
                     ~~~~~~~~^^
        "login": self.user_login,
        ^^^^^^^^^^^^^^^^^^^^^^^^^
        "nome": self.user_nome,
        ^^^^^^^^^^^^^^^^^^^^^^^
        "is_admin": True
        ^^^^^^^^^^^^^^^^
    })
    ^^
  File "C:\Controle_Chaves\admin\admin.py", line 21, in __init__
    self.usuarios_tab = UsuariosTab()
                        ~~~~~~~~~~~^^
  File "C:\Controle_Chaves\admin\usuarios.py", line 86, in __init__
    self.table.horizontalHeader().setSectionResizeMode(QHeaderView.Stretch)
                                                       ^^^^^^^^^^^^^^^^^^^
AttributeError: type object 'QHeaderView' has no attribute 'Stretch'
2026-06-30T13:30:40 | INFO | app_daily.interface.dash_main | dash_main | __init__:38 | Inicializando DashMain para TIAlvorada (admin)
2026-06-30T14:38:12 | INFO | app_daily.interface.dash_main | dash_main | __init__:38 | Inicializando DashMain para TIAlvorada (admin)
2026-06-30T14:38:12 | ERROR | app_daily.interface.dash_main | dash_main | load_tabs:169 | Erro na aba Movimentações
Traceback (most recent call last):
  File "C:\Controle_Chaves\interface\dash_main.py", line 166, in load_tabs
    self.mov_tab = MovimentacoesTab()
                   ~~~~~~~~~~~~~~~~^^
  File "C:\Controle_Chaves\controle\movimentacoes.py", line 387, in __init__
    self.init_ui()
    ~~~~~~~~~~~~^^
  File "C:\Controle_Chaves\controle\movimentacoes.py", line 465, in init_ui
    self.btn_novo_utilizador.setCursor(Qt.PointingHandCursor)
                                       ^^^^^^^^^^^^^^^^^^^^^
AttributeError: type object 'Qt' has no attribute 'PointingHandCursor'
2026-06-30T14:38:17 | ERROR | app_daily.interface.dash_main | dash_main | load_tabs:176 | Erro na aba Relatórios
Traceback (most recent call last):
  File "C:\Controle_Chaves\interface\dash_main.py", line 173, in load_tabs
    self.rel_tab = RelatoriosTab()
                   ~~~~~~~~~~~~~^^
  File "C:\Controle_Chaves\relatorios\relatorios_tab.py", line 21, in __init__
    self.tabs.addTab(RelatorioGeralTab(), "Geral")
                     ~~~~~~~~~~~~~~~~~^^
  File "C:\Controle_Chaves\relatorios\relatorio_geral.py", line 82, in __init__
    self.setup_ui()
    ~~~~~~~~~~~~~^^
  File "C:\Controle_Chaves\relatorios\relatorio_geral.py", line 136, in setup_ui
    self._configurar_tabela()
    ~~~~~~~~~~~~~~~~~~~~~~~^^
  File "C:\Controle_Chaves\relatorios\relatorio_geral.py", line 146, in _configurar_tabela
    header.setSectionResizeMode(0, QHeaderView.ResizeToContents)
                                   ^^^^^^^^^^^^^^^^^^^^^^^^^^^^
AttributeError: type object 'QHeaderView' has no attribute 'ResizeToContents'
2026-06-30T14:38:18 | ERROR | app_daily.interface.dash_main | dash_main | load_tabs:183 | Erro na aba Utilizadores
Traceback (most recent call last):
  File "C:\Controle_Chaves\interface\dash_main.py", line 180, in load_tabs
    self.util_tab = UtilizadoresTab(self.mov_tab)
                                    ^^^^^^^^^^^^
AttributeError: 'DashMain' object has no attribute 'mov_tab'
2026-06-30T14:38:18 | ERROR | app_daily.interface.dash_main | dash_main | load_tabs:197 | Erro nas abas de admin
Traceback (most recent call last):
  File "C:\Controle_Chaves\interface\dash_main.py", line 188, in load_tabs
    self.admin_tab = AdminTab({
                     ~~~~~~~~^^
        "login": self.user_login,
        ^^^^^^^^^^^^^^^^^^^^^^^^^
        "nome": self.user_nome,
        ^^^^^^^^^^^^^^^^^^^^^^^
        "is_admin": True
        ^^^^^^^^^^^^^^^^
    })
    ^^
  File "C:\Controle_Chaves\admin\admin.py", line 21, in __init__
    self.usuarios_tab = UsuariosTab()
                        ~~~~~~~~~~~^^
  File "C:\Controle_Chaves\admin\usuarios.py", line 86, in __init__
    self.table.horizontalHeader().setSectionResizeMode(QHeaderView.Stretch)
                                                       ^^^^^^^^^^^^^^^^^^^
AttributeError: type object 'QHeaderView' has no attribute 'Stretch'
2026-06-30T14:44:51 | INFO | app_daily.interface.dash_main | dash_main | __init__:38 | Inicializando DashMain para TIAlvorada (admin)
2026-06-30T14:44:51 | ERROR | app_daily.interface.dash_main | dash_main | load_tabs:169 | Erro na aba Movimentações
Traceback (most recent call last):
  File "C:\Controle_Chaves\interface\dash_main.py", line 166, in load_tabs
    self.mov_tab = MovimentacoesTab()
                   ~~~~~~~~~~~~~~~~^^
  File "C:\Controle_Chaves\controle\movimentacoes.py", line 387, in __init__
    self.init_ui()
    ~~~~~~~~~~~~^^
  File "C:\Controle_Chaves\controle\movimentacoes.py", line 465, in init_ui
    self.btn_novo_utilizador.setCursor(Qt.PointingHandCursor)
                                       ^^^^^^^^^^^^^^^^^^^^^
AttributeError: type object 'Qt' has no attribute 'PointingHandCursor'
2026-06-30T14:44:52 | ERROR | app_daily.interface.dash_main | dash_main | load_tabs:176 | Erro na aba Relatórios
Traceback (most recent call last):
  File "C:\Controle_Chaves\interface\dash_main.py", line 173, in load_tabs
    self.rel_tab = RelatoriosTab()
                   ~~~~~~~~~~~~~^^
  File "C:\Controle_Chaves\relatorios\relatorios_tab.py", line 21, in __init__
    self.tabs.addTab(RelatorioGeralTab(), "Geral")
                     ~~~~~~~~~~~~~~~~~^^
  File "C:\Controle_Chaves\relatorios\relatorio_geral.py", line 82, in __init__
    self.setup_ui()
    ~~~~~~~~~~~~~^^
  File "C:\Controle_Chaves\relatorios\relatorio_geral.py", line 136, in setup_ui
    self._configurar_tabela()
    ~~~~~~~~~~~~~~~~~~~~~~~^^
  File "C:\Controle_Chaves\relatorios\relatorio_geral.py", line 146, in _configurar_tabela
    header.setSectionResizeMode(0, QHeaderView.ResizeToContents)
                                   ^^^^^^^^^^^^^^^^^^^^^^^^^^^^
AttributeError: type object 'QHeaderView' has no attribute 'ResizeToContents'
2026-06-30T14:44:53 | ERROR | app_daily.interface.dash_main | dash_main | load_tabs:183 | Erro na aba Utilizadores
Traceback (most recent call last):
  File "C:\Controle_Chaves\interface\dash_main.py", line 180, in load_tabs
    self.util_tab = UtilizadoresTab(self.mov_tab)
                                    ^^^^^^^^^^^^
AttributeError: 'DashMain' object has no attribute 'mov_tab'
2026-06-30T14:44:53 | ERROR | app_daily.interface.dash_main | dash_main | load_tabs:197 | Erro nas abas de admin
Traceback (most recent call last):
  File "C:\Controle_Chaves\interface\dash_main.py", line 188, in load_tabs
    self.admin_tab = AdminTab({
                     ~~~~~~~~^^
        "login": self.user_login,
        ^^^^^^^^^^^^^^^^^^^^^^^^^
        "nome": self.user_nome,
        ^^^^^^^^^^^^^^^^^^^^^^^
        "is_admin": True
        ^^^^^^^^^^^^^^^^
    })
    ^^
  File "C:\Controle_Chaves\admin\admin.py", line 21, in __init__
    self.usuarios_tab = UsuariosTab()
                        ~~~~~~~~~~~^^
  File "C:\Controle_Chaves\admin\usuarios.py", line 86, in __init__
    self.table.horizontalHeader().setSectionResizeMode(QHeaderView.Stretch)
                                                       ^^^^^^^^^^^^^^^^^^^
AttributeError: type object 'QHeaderView' has no attribute 'Stretch'
2026-06-30T14:48:40 | INFO | app_daily.interface.dash_main | dash_main | __init__:38 | Inicializando DashMain para TIAlvorada (admin)
2026-06-30T14:48:40 | ERROR | app_daily.interface.dash_main | dash_main | load_tabs:236 | Erro na aba Movimentações
Traceback (most recent call last):
  File "C:\Controle_Chaves\interface\dash_main.py", line 233, in load_tabs
    self.mov_tab = MovimentacoesTab()
                   ~~~~~~~~~~~~~~~~^^
  File "C:\Controle_Chaves\controle\movimentacoes.py", line 387, in __init__
    self.init_ui()
    ~~~~~~~~~~~~^^
  File "C:\Controle_Chaves\controle\movimentacoes.py", line 465, in init_ui
    self.btn_novo_utilizador.setCursor(Qt.PointingHandCursor)
                                       ^^^^^^^^^^^^^^^^^^^^^
AttributeError: type object 'Qt' has no attribute 'PointingHandCursor'
2026-06-30T14:48:52 | ERROR | app_daily.interface.dash_main | dash_main | load_tabs:247 | Erro na aba Relatórios
Traceback (most recent call last):
  File "C:\Controle_Chaves\interface\dash_main.py", line 244, in load_tabs
    self.rel_tab = RelatoriosTab()
                   ~~~~~~~~~~~~~^^
  File "C:\Controle_Chaves\relatorios\relatorios_tab.py", line 21, in __init__
    self.tabs.addTab(RelatorioGeralTab(), "Geral")
                     ~~~~~~~~~~~~~~~~~^^
  File "C:\Controle_Chaves\relatorios\relatorio_geral.py", line 82, in __init__
    self.setup_ui()
    ~~~~~~~~~~~~~^^
  File "C:\Controle_Chaves\relatorios\relatorio_geral.py", line 136, in setup_ui
    self._configurar_tabela()
    ~~~~~~~~~~~~~~~~~~~~~~~^^
  File "C:\Controle_Chaves\relatorios\relatorio_geral.py", line 146, in _configurar_tabela
    header.setSectionResizeMode(0, QHeaderView.ResizeToContents)
                                   ^^^^^^^^^^^^^^^^^^^^^^^^^^^^
AttributeError: type object 'QHeaderView' has no attribute 'ResizeToContents'
2026-06-30T14:54:28 | INFO | app_daily.interface.dash_main | dash_main | __init__:38 | Inicializando DashMain para TIAlvorada (admin)
2026-06-30T14:54:28 | ERROR | app_daily.interface.dash_main | dash_main | load_tabs:247 | Erro na aba Relatórios
Traceback (most recent call last):
  File "C:\Controle_Chaves\interface\dash_main.py", line 244, in load_tabs
    self.rel_tab = RelatoriosTab()
                   ~~~~~~~~~~~~~^^
  File "C:\Controle_Chaves\relatorios\relatorios_tab.py", line 21, in __init__
    self.tabs.addTab(RelatorioGeralTab(), "Geral")
                     ~~~~~~~~~~~~~~~~~^^
  File "C:\Controle_Chaves\relatorios\relatorio_geral.py", line 82, in __init__
    self.setup_ui()
    ~~~~~~~~~~~~~^^
  File "C:\Controle_Chaves\relatorios\relatorio_geral.py", line 136, in setup_ui
    self._configurar_tabela()
    ~~~~~~~~~~~~~~~~~~~~~~~^^
  File "C:\Controle_Chaves\relatorios\relatorio_geral.py", line 146, in _configurar_tabela
    header.setSectionResizeMode(0, QHeaderView.ResizeToContents)
                                   ^^^^^^^^^^^^^^^^^^^^^^^^^^^^
AttributeError: type object 'QHeaderView' has no attribute 'ResizeToContents'
2026-06-30T15:04:37 | INFO | app_daily.interface.dash_main | dash_main | __init__:38 | Inicializando DashMain para TIAlvorada (admin)
2026-06-30T15:04:37 | ERROR | app_daily.interface.dash_main | dash_main | load_tabs:247 | Erro na aba Relatórios
Traceback (most recent call last):
  File "C:\Controle_Chaves\interface\dash_main.py", line 244, in load_tabs
    self.rel_tab = RelatoriosTab()
                   ~~~~~~~~~~~~~^^
  File "C:\Controle_Chaves\relatorios\relatorios_tab.py", line 21, in __init__
    self.tabs.addTab(RelatorioGeralTab(), "Geral")
                     ~~~~~~~~~~~~~~~~~^^
  File "C:\Controle_Chaves\relatorios\relatorio_geral.py", line 82, in __init__
    self.setup_ui()
    ~~~~~~~~~~~~~^^
  File "C:\Controle_Chaves\relatorios\relatorio_geral.py", line 136, in setup_ui
    self._configurar_tabela()
    ~~~~~~~~~~~~~~~~~~~~~~~^^
  File "C:\Controle_Chaves\relatorios\relatorio_geral.py", line 146, in _configurar_tabela
    header.setSectionResizeMode(0, QHeaderView.ResizeToContents)
                                   ^^^^^^^^^^^^^^^^^^^^^^^^^^^^
AttributeError: type object 'QHeaderView' has no attribute 'ResizeToContents'
2026-06-30T15:04:40 | ERROR | app_daily.interface.dash_main | dash_main | load_tabs:262 | Erro na aba Utilizadores
Traceback (most recent call last):
  File "C:\Controle_Chaves\interface\dash_main.py", line 256, in load_tabs
    self.util_tab = UtilizadoresTab(self.mov_tab)
                    ~~~~~~~~~~~~~~~^^^^^^^^^^^^^^
  File "C:\Controle_Chaves\admin\utilizadores_tab.py", line 127, in __init__
    self._setup_ui()
    ~~~~~~~~~~~~~~^^
  File "C:\Controle_Chaves\admin\utilizadores_tab.py", line 139, in _setup_ui
    self.table.horizontalHeader().setSectionResizeMode(QHeaderView.Stretch)
                                                       ^^^^^^^^^^^^^^^^^^^
AttributeError: type object 'QHeaderView' has no attribute 'Stretch'
2026-06-30T15:04:42 | ERROR | app_daily.interface.dash_main | dash_main | load_tabs:281 | Erro nas abas de admin
Traceback (most recent call last):
  File "C:\Controle_Chaves\interface\dash_main.py", line 271, in load_tabs
    self.admin_tab = AdminTab({
                     ~~~~~~~~^^
        "login": self.user_login,
        ^^^^^^^^^^^^^^^^^^^^^^^^^
        "nome": self.user_nome,
        ^^^^^^^^^^^^^^^^^^^^^^^
        "is_admin": True
        ^^^^^^^^^^^^^^^^
    })
    ^^
  File "C:\Controle_Chaves\admin\admin.py", line 21, in __init__
    self.usuarios_tab = UsuariosTab()
                        ~~~~~~~~~~~^^
  File "C:\Controle_Chaves\admin\usuarios.py", line 86, in __init__
    self.table.horizontalHeader().setSectionResizeMode(QHeaderView.Stretch)
                                                       ^^^^^^^^^^^^^^^^^^^
AttributeError: type object 'QHeaderView' has no attribute 'Stretch'
2026-06-30T15:05:44 | INFO | app_daily.interface.dash_main | dash_main | _executar_logout:294 | Logout realizado para TIAlvorada (admin)
2026-06-30T15:06:06 | INFO | app_daily.interface.dash_main | dash_main | __init__:38 | Inicializando DashMain para TIAlvorada (admin)
2026-06-30T15:06:07 | ERROR | app_daily.interface.dash_main | dash_main | load_tabs:247 | Erro na aba Relatórios
Traceback (most recent call last):
  File "C:\Controle_Chaves\interface\dash_main.py", line 244, in load_tabs
    self.rel_tab = RelatoriosTab()
                   ~~~~~~~~~~~~~^^
  File "C:\Controle_Chaves\relatorios\relatorios_tab.py", line 21, in __init__
    self.tabs.addTab(RelatorioGeralTab(), "Geral")
                     ~~~~~~~~~~~~~~~~~^^
  File "C:\Controle_Chaves\relatorios\relatorio_geral.py", line 82, in __init__
    self.setup_ui()
    ~~~~~~~~~~~~~^^
  File "C:\Controle_Chaves\relatorios\relatorio_geral.py", line 136, in setup_ui
    self._configurar_tabela()
    ~~~~~~~~~~~~~~~~~~~~~~~^^
  File "C:\Controle_Chaves\relatorios\relatorio_geral.py", line 146, in _configurar_tabela
    header.setSectionResizeMode(0, QHeaderView.ResizeToContents)
                                   ^^^^^^^^^^^^^^^^^^^^^^^^^^^^
AttributeError: type object 'QHeaderView' has no attribute 'ResizeToContents'
2026-06-30T15:12:49 | INFO | app_daily.interface.dash_main | dash_main | __init__:38 | Inicializando DashMain para TIAlvorada (admin)
2026-06-30T15:12:49 | ERROR | app_daily.interface.dash_main | dash_main | load_tabs:247 | Erro na aba Relatórios
Traceback (most recent call last):
  File "C:\Controle_Chaves\interface\dash_main.py", line 244, in load_tabs
    self.rel_tab = RelatoriosTab()
                   ~~~~~~~~~~~~~^^
  File "C:\Controle_Chaves\relatorios\relatorios_tab.py", line 19, in __init__
    self.tabs.addTab(RelatorioGeralTab(), "Geral")
                     ~~~~~~~~~~~~~~~~~^^
  File "C:\Controle_Chaves\relatorios\relatorio_geral.py", line 82, in __init__
    self.setup_ui()
    ~~~~~~~~~~~~~^^
  File "C:\Controle_Chaves\relatorios\relatorio_geral.py", line 136, in setup_ui
    self._configurar_tabela()
    ~~~~~~~~~~~~~~~~~~~~~~~^^
  File "C:\Controle_Chaves\relatorios\relatorio_geral.py", line 146, in _configurar_tabela
    header.setSectionResizeMode(0, QHeaderView.ResizeToContents)
                                   ^^^^^^^^^^^^^^^^^^^^^^^^^^^^
AttributeError: type object 'QHeaderView' has no attribute 'ResizeToContents'
