2026-05-29T13:28:02 level=INFO logger=audit_daily action=Inicialização do sistema status=success user="system" resource="aplicacao" details="base_dir=C:\Controle_Chaves"
2026-05-29T14:14:43 level=INFO logger=audit_daily action=Inicialização do sistema status=success user="system" resource="aplicacao" details="base_dir=C:\Controle_Chaves"
2026-05-29T14:14:59 level=INFO logger=audit_daily action=Login realizado status=success user="admin" resource="autenticacao" details="utilizador_id=1"
2026-05-29T14:16:20 level=INFO logger=audit_daily action=Usuário 'admin' fez logout da sessão status=success user="" resource="" details=""
2026-05-29T14:18:44 level=INFO logger=audit_daily action=Inicialização do sistema status=success user="system" resource="aplicacao" details="base_dir=C:\Controle_Chaves"
2026-05-29T14:18:58 level=INFO logger=audit_daily action=Login realizado status=success user="admin" resource="autenticacao" details="utilizador_id=1"
2026-05-29T14:19:59 level=INFO logger=audit_daily action=Inicialização do sistema status=success user="system" resource="aplicacao" details="base_dir=C:\Controle_Chaves"
2026-05-29T14:20:14 level=INFO logger=audit_daily action=Login realizado status=success user="admin" resource="autenticacao" details="utilizador_id=1"
2026-05-29T14:20:20 level=INFO logger=audit_daily action=Usuário 'admin' fez logout da sessão status=success user="" resource="" details=""
2026-05-29T14:20:20 level=INFO logger=audit_daily action=Logout realizado status=success user="desconhecido" resource="autenticacao" details="encerramento_de_sessao"
2026-05-29T14:23:26 level=INFO logger=audit_daily action=Inicialização do sistema status=success user="system" resource="aplicacao" details="base_dir=C:\Controle_Chaves"
2026-05-29T14:23:42 level=INFO logger=audit_daily action=Login realizado status=success user="admin" resource="autenticacao" details="utilizador_id=1"
2026-05-29T14:23:48 level=INFO logger=audit_daily action=Usuário 'admin' fez logout da sessão status=success user="" resource="" details=""
2026-05-29T14:53:29 level=INFO logger=audit_daily action=Inicialização do sistema status=success user="system" resource="aplicacao" details="base_dir=C:\Controle_Chaves"
2026-05-29T14:53:41 level=INFO logger=audit_daily action=Login realizado status=success user="admin" resource="autenticacao" details="utilizador_id=1"
2026-05-29T15:19:11 level=INFO logger=audit_daily action=Inicialização do sistema status=success user="system" resource="aplicacao" details="base_dir=C:\Controle_Chaves"
2026-05-29T15:19:23 level=INFO logger=audit_daily action=Login realizado status=success user="admin" resource="autenticacao" details="utilizador_id=1"
2026-05-29T15:24:24 level=INFO logger=audit_daily action=Usuário 'admin' fez logout da sessão status=success user="" resource="" details=""
2026-05-29T15:24:40 level=INFO logger=audit_daily action=Login realizado status=success user="admin" resource="autenticacao" details="utilizador_id=1"
2026-05-29T15:25:08 level=INFO logger=audit_daily action=delete_user status=success user="admin" resource="utilizador:154" details="Excluiu utilizador ID 154 (Joao Golao)"
2026-05-29T15:25:26 level=INFO logger=audit_daily action=create_user status=success user="{'id': 1, 'login': 'admin', 'nome': 'TIAlvorada', 'is_admin': True}" resource="utilizador:155" details="Cadastrou utilizador ID 155"
2026-05-29T15:25:37 level=INFO logger=audit_daily action=delete_user status=success user="admin" resource="utilizador:155" details="Excluiu utilizador ID 155 (Joao)"
2026-05-29T15:45:40 level=INFO logger=audit_daily action=Inicialização do sistema status=success user="system" resource="aplicacao" details="base_dir=C:\Controle_Chaves"
2026-05-29T15:52:46 level=INFO logger=audit_daily action=Inicialização do sistema status=success user="system" resource="aplicacao" details="base_dir=C:\Controle_Chaves"
2026-05-29T15:52:46 level=INFO logger=audit_daily action=Inicialização do sistema status=success user="system" resource="aplicacao" details="base_dir=C:\Controle_Chaves"
2026-05-29T15:53:13 level=INFO logger=audit_daily action=Login realizado status=success user="admin" resource="autenticacao" details="utilizador_id=1"
2026-05-29T15:53:50 level=INFO logger=audit_daily action=Inicialização do sistema status=success user="system" resource="aplicacao" details="base_dir=C:\Controle_Chaves"
2026-05-29T15:54:11 level=INFO logger=audit_daily action=Login realizado status=success user="admin" resource="autenticacao" details="utilizador_id=1"
2026-05-29T15:54:35 level=INFO logger=audit_daily action=Usuário 'admin' fez logout da sessão status=success user="" resource="" details=""
