2026-06-16T13:49:54 | INFO | app_daily.interface.dash_main | dash_main | __init__:48 | Inicializando DashMain para utilizador=TIAlvorada login=admin admin=True
2026-06-16T13:49:54 | INFO | app_daily.interface.dash_main | dash_main | __init__:102 | Logo da aplicação carregado com sucesso
2026-06-16T13:49:54 | INFO | app_daily.interface.dash_main | dash_main | load_tabs:243 | Iniciando carregamento das abas principais
2026-06-16T13:49:54 | INFO | app_daily.interface.dash_main | dash_main | load_tabs:248 | Aba 'Movimentações' carregada com sucesso
2026-06-16T13:49:55 | INFO | app_daily.interface.dash_main | dash_main | load_tabs:256 | Aba 'Relatórios' carregada com sucesso
2026-06-16T13:49:55 | INFO | app_daily.interface.dash_main | dash_main | load_tabs:264 | Aba 'Utilizadores' carregada com sucesso
2026-06-16T13:49:55 | INFO | app_daily.admin.predios | predios | __init__:40 | Inicializando aba de gestão de prédios
2026-06-16T13:49:55 | INFO | app_daily.admin.predios | predios | load_predios:113 | Carregando lista de prédios
2026-06-16T13:49:55 | INFO | app_daily.admin.predios | predios | load_predios:123 | Consulta de prédios executada com sucesso: 2 registro(s)
2026-06-16T13:49:55 | INFO | app_daily.admin.anexos | anexos | __init__:65 | Inicializando aba de gestão de anexos
2026-06-16T13:49:55 | INFO | app_daily.admin.anexos | anexos | load_anexos:130 | Carregando lista de anexos
2026-06-16T13:49:55 | INFO | app_daily.admin.anexos | anexos | load_anexos:149 | Consulta de anexos executada com sucesso: 3 registro(s)
2026-06-16T13:49:55 | INFO | app_daily.interface.dash_main | dash_main | load_tabs:273 | Aba 'Administração' carregada com sucesso
2026-06-16T13:49:55 | INFO | app_daily.admin.log_viewer_tab | log_viewer_tab | __init__:24 | Inicializando aba de visualização de logs
2026-06-16T13:49:55 | INFO | app_daily.admin.log_viewer_tab | log_viewer_tab | carregar_logs:99 | Carregando log na interface: tipo=Auditoria arquivo=C:\Controle_Chaves\logs\app_audit_16062026.log
2026-06-16T13:49:55 | INFO | app_daily.admin.log_viewer_tab | log_viewer_tab | carregar_logs:121 | Log carregado com sucesso: tipo=Auditoria
2026-06-16T13:49:55 | INFO | app_daily.interface.dash_main | dash_main | load_tabs:277 | Aba 'Logs' carregada com sucesso
2026-06-16T13:50:30 | ERROR | app_daily.admin.usuarios | usuarios | add_user:212 | Erro ao cadastrar usuário
Traceback (most recent call last):
  File "C:\Controle_Chaves\admin\usuarios.py", line 195, in add_user
    exists = cursor.fetchone()[0]
             ~~~~~~~~~~~~~~~~~^^^
KeyError: 0
2026-06-16T13:51:08 | ERROR | app_daily.admin.usuarios | usuarios | add_user:212 | Erro ao cadastrar usuário
Traceback (most recent call last):
  File "C:\Controle_Chaves\admin\usuarios.py", line 195, in add_user
    exists = cursor.fetchone()[0]
             ~~~~~~~~~~~~~~~~~^^^
KeyError: 0
2026-06-16T13:51:55 | WARNING | app_daily.interface.dash_main | dash_main | verificar_chaves_atraso:195 | Foram encontradas 2 chave(s) com devolução em atraso
2026-06-16T13:52:55 | WARNING | app_daily.interface.dash_main | dash_main | verificar_chaves_atraso:195 | Foram encontradas 3 chave(s) com devolução em atraso
2026-06-16T13:53:00 | ERROR | app_daily.admin.usuarios | usuarios | add_user:212 | Erro ao cadastrar usuário
Traceback (most recent call last):
  File "C:\Controle_Chaves\admin\usuarios.py", line 195, in add_user
    exists = cursor.fetchone()[0]
             ~~~~~~~~~~~~~~~~~^^^
KeyError: 0
2026-06-16T13:53:16 | INFO | app_daily.interface.dash_main | dash_main | sair:318 | Encerrando aplicação via botão Sair
2026-06-16T14:31:31 | INFO | app_daily.interface.dash_main | dash_main | __init__:48 | Inicializando DashMain para utilizador=TIAlvorada login=admin admin=True
2026-06-16T14:31:31 | INFO | app_daily.interface.dash_main | dash_main | __init__:102 | Logo da aplicação carregado com sucesso
2026-06-16T14:31:31 | INFO | app_daily.interface.dash_main | dash_main | load_tabs:243 | Iniciando carregamento das abas principais
2026-06-16T14:31:31 | INFO | app_daily.interface.dash_main | dash_main | load_tabs:248 | Aba 'Movimentações' carregada com sucesso
2026-06-16T14:31:32 | INFO | app_daily.interface.dash_main | dash_main | load_tabs:256 | Aba 'Relatórios' carregada com sucesso
2026-06-16T14:31:32 | INFO | app_daily.interface.dash_main | dash_main | load_tabs:264 | Aba 'Utilizadores' carregada com sucesso
2026-06-16T14:31:32 | INFO | app_daily.admin.predios | predios | __init__:40 | Inicializando aba de gestão de prédios
2026-06-16T14:31:32 | INFO | app_daily.admin.predios | predios | load_predios:113 | Carregando lista de prédios
2026-06-16T14:31:32 | INFO | app_daily.admin.predios | predios | load_predios:123 | Consulta de prédios executada com sucesso: 2 registro(s)
2026-06-16T14:31:32 | INFO | app_daily.admin.anexos | anexos | __init__:65 | Inicializando aba de gestão de anexos
2026-06-16T14:31:32 | INFO | app_daily.admin.anexos | anexos | load_anexos:130 | Carregando lista de anexos
2026-06-16T14:31:32 | INFO | app_daily.admin.anexos | anexos | load_anexos:149 | Consulta de anexos executada com sucesso: 3 registro(s)
2026-06-16T14:31:32 | INFO | app_daily.interface.dash_main | dash_main | load_tabs:273 | Aba 'Administração' carregada com sucesso
2026-06-16T14:31:32 | INFO | app_daily.admin.log_viewer_tab | log_viewer_tab | __init__:24 | Inicializando aba de visualização de logs
2026-06-16T14:31:32 | INFO | app_daily.admin.log_viewer_tab | log_viewer_tab | carregar_logs:99 | Carregando log na interface: tipo=Auditoria arquivo=C:\Controle_Chaves\logs\app_audit_16062026.log
2026-06-16T14:31:32 | INFO | app_daily.admin.log_viewer_tab | log_viewer_tab | carregar_logs:121 | Log carregado com sucesso: tipo=Auditoria
2026-06-16T14:31:32 | INFO | app_daily.interface.dash_main | dash_main | load_tabs:277 | Aba 'Logs' carregada com sucesso
2026-06-16T14:31:32 | WARNING | app_daily.interface.dash_main | dash_main | verificar_chaves_atraso:195 | Foram encontradas 5 chave(s) com devolução em atraso
2026-06-16T14:32:11 | ERROR | app_daily.admin.usuarios | usuarios | add_user:241 | Erro ao cadastrar usuário
Traceback (most recent call last):
  File "C:\Controle_Chaves\admin\usuarios.py", line 224, in add_user
    exists = cursor.fetchone()[0]
             ~~~~~~~~~~~~~~~~~^^^
KeyError: 0
2026-06-16T14:32:24 | INFO | app_daily.interface.dash_main | dash_main | sair:318 | Encerrando aplicação via botão Sair
2026-06-16T14:36:23 | INFO | app_daily.interface.dash_main | dash_main | __init__:48 | Inicializando DashMain para utilizador=TIAlvorada login=admin admin=True
2026-06-16T14:36:23 | INFO | app_daily.interface.dash_main | dash_main | __init__:102 | Logo da aplicação carregado com sucesso
2026-06-16T14:36:23 | INFO | app_daily.interface.dash_main | dash_main | load_tabs:243 | Iniciando carregamento das abas principais
2026-06-16T14:36:23 | INFO | app_daily.interface.dash_main | dash_main | load_tabs:248 | Aba 'Movimentações' carregada com sucesso
2026-06-16T14:36:23 | INFO | app_daily.interface.dash_main | dash_main | load_tabs:256 | Aba 'Relatórios' carregada com sucesso
2026-06-16T14:36:23 | INFO | app_daily.interface.dash_main | dash_main | load_tabs:264 | Aba 'Utilizadores' carregada com sucesso
2026-06-16T14:36:23 | INFO | app_daily.admin.predios | predios | __init__:40 | Inicializando aba de gestão de prédios
2026-06-16T14:36:23 | INFO | app_daily.admin.predios | predios | load_predios:113 | Carregando lista de prédios
2026-06-16T14:36:23 | INFO | app_daily.admin.predios | predios | load_predios:123 | Consulta de prédios executada com sucesso: 2 registro(s)
2026-06-16T14:36:23 | INFO | app_daily.admin.anexos | anexos | __init__:65 | Inicializando aba de gestão de anexos
2026-06-16T14:36:23 | INFO | app_daily.admin.anexos | anexos | load_anexos:130 | Carregando lista de anexos
2026-06-16T14:36:23 | INFO | app_daily.admin.anexos | anexos | load_anexos:149 | Consulta de anexos executada com sucesso: 3 registro(s)
2026-06-16T14:36:23 | INFO | app_daily.interface.dash_main | dash_main | load_tabs:273 | Aba 'Administração' carregada com sucesso
2026-06-16T14:36:23 | INFO | app_daily.admin.log_viewer_tab | log_viewer_tab | __init__:24 | Inicializando aba de visualização de logs
2026-06-16T14:36:23 | INFO | app_daily.admin.log_viewer_tab | log_viewer_tab | carregar_logs:99 | Carregando log na interface: tipo=Auditoria arquivo=C:\Controle_Chaves\logs\app_audit_16062026.log
2026-06-16T14:36:23 | INFO | app_daily.admin.log_viewer_tab | log_viewer_tab | carregar_logs:121 | Log carregado com sucesso: tipo=Auditoria
2026-06-16T14:36:23 | INFO | app_daily.interface.dash_main | dash_main | load_tabs:277 | Aba 'Logs' carregada com sucesso
2026-06-16T14:36:23 | WARNING | app_daily.interface.dash_main | dash_main | verificar_chaves_atraso:195 | Foram encontradas 8 chave(s) com devolução em atraso
2026-06-16T14:36:54 | ERROR | app_daily.admin.usuarios | usuarios | add_user:241 | Erro ao cadastrar usuário
Traceback (most recent call last):
  File "C:\Controle_Chaves\admin\usuarios.py", line 224, in add_user
    exists = cursor.fetchone()[0]
             ~~~~~~~~~~~~~~~~~^^^
KeyError: 0
2026-06-16T14:37:04 | INFO | app_daily.interface.dash_main | dash_main | closeEvent:310 | Fechando DashMain
2026-06-16T14:38:27 | INFO | app_daily.interface.dash_main | dash_main | __init__:48 | Inicializando DashMain para utilizador=TIAlvorada login=admin admin=True
2026-06-16T14:38:27 | INFO | app_daily.interface.dash_main | dash_main | __init__:102 | Logo da aplicação carregado com sucesso
2026-06-16T14:38:27 | INFO | app_daily.interface.dash_main | dash_main | load_tabs:243 | Iniciando carregamento das abas principais
2026-06-16T14:38:27 | INFO | app_daily.interface.dash_main | dash_main | load_tabs:248 | Aba 'Movimentações' carregada com sucesso
2026-06-16T14:38:28 | INFO | app_daily.interface.dash_main | dash_main | load_tabs:256 | Aba 'Relatórios' carregada com sucesso
2026-06-16T14:38:28 | INFO | app_daily.interface.dash_main | dash_main | load_tabs:264 | Aba 'Utilizadores' carregada com sucesso
2026-06-16T14:38:28 | INFO | app_daily.admin.predios | predios | __init__:40 | Inicializando aba de gestão de prédios
2026-06-16T14:38:28 | INFO | app_daily.admin.predios | predios | load_predios:113 | Carregando lista de prédios
2026-06-16T14:38:28 | INFO | app_daily.admin.predios | predios | load_predios:123 | Consulta de prédios executada com sucesso: 2 registro(s)
2026-06-16T14:38:28 | INFO | app_daily.admin.anexos | anexos | __init__:65 | Inicializando aba de gestão de anexos
2026-06-16T14:38:28 | INFO | app_daily.admin.anexos | anexos | load_anexos:130 | Carregando lista de anexos
2026-06-16T14:38:28 | INFO | app_daily.admin.anexos | anexos | load_anexos:149 | Consulta de anexos executada com sucesso: 3 registro(s)
2026-06-16T14:38:28 | INFO | app_daily.interface.dash_main | dash_main | load_tabs:273 | Aba 'Administração' carregada com sucesso
2026-06-16T14:38:28 | INFO | app_daily.admin.log_viewer_tab | log_viewer_tab | __init__:24 | Inicializando aba de visualização de logs
2026-06-16T14:38:28 | INFO | app_daily.admin.log_viewer_tab | log_viewer_tab | carregar_logs:99 | Carregando log na interface: tipo=Auditoria arquivo=C:\Controle_Chaves\logs\app_audit_16062026.log
2026-06-16T14:38:28 | INFO | app_daily.admin.log_viewer_tab | log_viewer_tab | carregar_logs:121 | Log carregado com sucesso: tipo=Auditoria
2026-06-16T14:38:28 | INFO | app_daily.interface.dash_main | dash_main | load_tabs:277 | Aba 'Logs' carregada com sucesso
2026-06-16T14:38:28 | WARNING | app_daily.interface.dash_main | dash_main | verificar_chaves_atraso:195 | Foram encontradas 8 chave(s) com devolução em atraso
2026-06-16T14:38:57 | ERROR | app_daily.admin.usuarios | usuarios | add_user:241 | Erro ao cadastrar usuário
Traceback (most recent call last):
  File "C:\Controle_Chaves\admin\usuarios.py", line 224, in add_user
    exists = cursor.fetchone()[0]
             ~~~~~~~~~~~~~~~~~^^^
KeyError: 0
2026-06-16T14:39:01 | INFO | app_daily.interface.dash_main | dash_main | sair:318 | Encerrando aplicação via botão Sair
2026-06-16T14:48:55 | INFO | app_daily.interface.dash_main | dash_main | __init__:48 | Inicializando DashMain para utilizador=TIAlvorada login=admin admin=True
2026-06-16T14:48:55 | INFO | app_daily.interface.dash_main | dash_main | __init__:102 | Logo da aplicação carregado com sucesso
2026-06-16T14:48:55 | INFO | app_daily.interface.dash_main | dash_main | load_tabs:243 | Iniciando carregamento das abas principais
2026-06-16T14:48:55 | INFO | app_daily.interface.dash_main | dash_main | load_tabs:248 | Aba 'Movimentações' carregada com sucesso
2026-06-16T14:48:56 | INFO | app_daily.interface.dash_main | dash_main | load_tabs:256 | Aba 'Relatórios' carregada com sucesso
2026-06-16T14:48:56 | INFO | app_daily.interface.dash_main | dash_main | load_tabs:264 | Aba 'Utilizadores' carregada com sucesso
2026-06-16T14:48:56 | INFO | app_daily.admin.predios | predios | __init__:40 | Inicializando aba de gestão de prédios
2026-06-16T14:48:56 | INFO | app_daily.admin.predios | predios | load_predios:113 | Carregando lista de prédios
2026-06-16T14:48:56 | INFO | app_daily.admin.predios | predios | load_predios:123 | Consulta de prédios executada com sucesso: 2 registro(s)
2026-06-16T14:48:56 | INFO | app_daily.admin.anexos | anexos | __init__:65 | Inicializando aba de gestão de anexos
2026-06-16T14:48:56 | INFO | app_daily.admin.anexos | anexos | load_anexos:130 | Carregando lista de anexos
2026-06-16T14:48:56 | INFO | app_daily.admin.anexos | anexos | load_anexos:149 | Consulta de anexos executada com sucesso: 3 registro(s)
2026-06-16T14:48:56 | INFO | app_daily.interface.dash_main | dash_main | load_tabs:273 | Aba 'Administração' carregada com sucesso
2026-06-16T14:48:56 | INFO | app_daily.admin.log_viewer_tab | log_viewer_tab | __init__:24 | Inicializando aba de visualização de logs
2026-06-16T14:48:56 | INFO | app_daily.admin.log_viewer_tab | log_viewer_tab | carregar_logs:99 | Carregando log na interface: tipo=Auditoria arquivo=C:\Controle_Chaves\logs\app_audit_16062026.log
2026-06-16T14:48:56 | INFO | app_daily.admin.log_viewer_tab | log_viewer_tab | carregar_logs:121 | Log carregado com sucesso: tipo=Auditoria
2026-06-16T14:48:56 | INFO | app_daily.interface.dash_main | dash_main | load_tabs:277 | Aba 'Logs' carregada com sucesso
2026-06-16T14:48:56 | WARNING | app_daily.interface.dash_main | dash_main | verificar_chaves_atraso:195 | Foram encontradas 8 chave(s) com devolução em atraso
2026-06-16T14:49:34 | ERROR | app_daily.admin.usuarios | usuarios | add_user:268 | Erro ao cadastrar usuário
Traceback (most recent call last):
  File "C:\Controle_Chaves\admin\usuarios.py", line 256, in add_user
    cursor.execute(
    ~~~~~~~~~~~~~~^
        """
        ^^^
    ...<3 lines>...
        (data["login"], data["nome"], senha_hash, data["is_admin"], data["primeiro_login"])
        ^^^^^^^^^^^^^^^^^^^^^^^^^^^^^^^^^^^^^^^^^^^^^^^^^^^^^^^^^^^^^^^^^^^^^^^^^^^^^^^^^^^
    )
    ^
  File "C:\Python313\Lib\site-packages\psycopg\cursor.py", line 117, in execute
    raise ex.with_traceback(None)
psycopg.errors.DatatypeMismatch: column "is_admin" is of type boolean but expression is of type smallint
LINE 3:                 VALUES ($1, $2, $3, $4, $5)
                                            ^
HINT:  You will need to rewrite or cast the expression.
2026-06-16T14:49:56 | WARNING | app_daily.interface.dash_main | dash_main | verificar_chaves_atraso:195 | Foram encontradas 8 chave(s) com devolução em atraso
2026-06-16T14:50:23 | ERROR | app_daily.admin.usuarios | usuarios | add_user:268 | Erro ao cadastrar usuário
Traceback (most recent call last):
  File "C:\Controle_Chaves\admin\usuarios.py", line 256, in add_user
    cursor.execute(
    ~~~~~~~~~~~~~~^
        """
        ^^^
    ...<3 lines>...
        (data["login"], data["nome"], senha_hash, data["is_admin"], data["primeiro_login"])
        ^^^^^^^^^^^^^^^^^^^^^^^^^^^^^^^^^^^^^^^^^^^^^^^^^^^^^^^^^^^^^^^^^^^^^^^^^^^^^^^^^^^
    )
    ^
  File "C:\Python313\Lib\site-packages\psycopg\cursor.py", line 117, in execute
    raise ex.with_traceback(None)
psycopg.errors.DatatypeMismatch: column "is_admin" is of type boolean but expression is of type smallint
LINE 3:                 VALUES ($1, $2, $3, $4, $5)
                                            ^
HINT:  You will need to rewrite or cast the expression.
2026-06-16T14:50:56 | WARNING | app_daily.interface.dash_main | dash_main | verificar_chaves_atraso:195 | Foram encontradas 8 chave(s) com devolução em atraso
2026-06-16T14:51:29 | INFO | app_daily.interface.dash_main | dash_main | sair:318 | Encerrando aplicação via botão Sair
2026-06-16T14:53:49 | INFO | app_daily.interface.dash_main | dash_main | __init__:48 | Inicializando DashMain para utilizador=TIAlvorada login=admin admin=True
2026-06-16T14:53:49 | INFO | app_daily.interface.dash_main | dash_main | __init__:102 | Logo da aplicação carregado com sucesso
2026-06-16T14:53:49 | INFO | app_daily.interface.dash_main | dash_main | load_tabs:243 | Iniciando carregamento das abas principais
2026-06-16T14:53:49 | INFO | app_daily.interface.dash_main | dash_main | load_tabs:248 | Aba 'Movimentações' carregada com sucesso
2026-06-16T14:53:49 | INFO | app_daily.interface.dash_main | dash_main | load_tabs:256 | Aba 'Relatórios' carregada com sucesso
2026-06-16T14:53:49 | INFO | app_daily.interface.dash_main | dash_main | load_tabs:264 | Aba 'Utilizadores' carregada com sucesso
2026-06-16T14:53:49 | INFO | app_daily.admin.predios | predios | __init__:40 | Inicializando aba de gestão de prédios
2026-06-16T14:53:49 | INFO | app_daily.admin.predios | predios | load_predios:113 | Carregando lista de prédios
2026-06-16T14:53:49 | INFO | app_daily.admin.predios | predios | load_predios:123 | Consulta de prédios executada com sucesso: 2 registro(s)
2026-06-16T14:53:49 | INFO | app_daily.admin.anexos | anexos | __init__:65 | Inicializando aba de gestão de anexos
2026-06-16T14:53:49 | INFO | app_daily.admin.anexos | anexos | load_anexos:130 | Carregando lista de anexos
2026-06-16T14:53:49 | INFO | app_daily.admin.anexos | anexos | load_anexos:149 | Consulta de anexos executada com sucesso: 3 registro(s)
2026-06-16T14:53:49 | INFO | app_daily.interface.dash_main | dash_main | load_tabs:273 | Aba 'Administração' carregada com sucesso
2026-06-16T14:53:49 | INFO | app_daily.admin.log_viewer_tab | log_viewer_tab | __init__:24 | Inicializando aba de visualização de logs
2026-06-16T14:53:49 | INFO | app_daily.admin.log_viewer_tab | log_viewer_tab | carregar_logs:99 | Carregando log na interface: tipo=Auditoria arquivo=C:\Controle_Chaves\logs\app_audit_16062026.log
2026-06-16T14:53:49 | INFO | app_daily.admin.log_viewer_tab | log_viewer_tab | carregar_logs:121 | Log carregado com sucesso: tipo=Auditoria
2026-06-16T14:53:49 | INFO | app_daily.interface.dash_main | dash_main | load_tabs:277 | Aba 'Logs' carregada com sucesso
2026-06-16T14:53:49 | WARNING | app_daily.interface.dash_main | dash_main | verificar_chaves_atraso:195 | Foram encontradas 8 chave(s) com devolução em atraso
2026-06-16T14:54:50 | WARNING | app_daily.interface.dash_main | dash_main | verificar_chaves_atraso:195 | Foram encontradas 8 chave(s) com devolução em atraso
2026-06-16T14:55:50 | WARNING | app_daily.interface.dash_main | dash_main | verificar_chaves_atraso:195 | Foram encontradas 9 chave(s) com devolução em atraso
2026-06-16T14:56:50 | WARNING | app_daily.interface.dash_main | dash_main | verificar_chaves_atraso:195 | Foram encontradas 9 chave(s) com devolução em atraso
2026-06-16T14:57:50 | WARNING | app_daily.interface.dash_main | dash_main | verificar_chaves_atraso:195 | Foram encontradas 9 chave(s) com devolução em atraso
2026-06-16T14:58:47 | INFO | app_daily.interface.dash_main | dash_main | sair:318 | Encerrando aplicação via botão Sair
